Archive member included to satisfy reference by file (symbol)

/usr/lib/arm-linux-gnueabihf/libc_nonshared.a(elf-init.oS)
                              /usr/lib/gcc/arm-linux-gnueabihf/4.9/../../../arm-linux-gnueabihf/crt1.o (__libc_csu_init)
/usr/lib/arm-linux-gnueabihf/libc_nonshared.a(stat.oS)
                              initCamera.o (stat)

Discarded input sections

 .note.GNU-stack
                0x00000000        0x0 /usr/lib/gcc/arm-linux-gnueabihf/4.9/../../../arm-linux-gnueabihf/crt1.o
 .gnu_debuglink
                0x00000000        0xc /usr/lib/gcc/arm-linux-gnueabihf/4.9/../../../arm-linux-gnueabihf/crt1.o
 .note.GNU-stack
                0x00000000        0x0 /usr/lib/gcc/arm-linux-gnueabihf/4.9/../../../arm-linux-gnueabihf/crti.o
 .gnu_debuglink
                0x00000000        0xc /usr/lib/gcc/arm-linux-gnueabihf/4.9/../../../arm-linux-gnueabihf/crti.o
 .note.GNU-stack
                0x00000000        0x0 /usr/lib/gcc/arm-linux-gnueabihf/4.9/crtbegin.o
 .note.GNU-stack
                0x00000000        0x0 initwithfiles.o
 .group         0x00000000       0x10 opencvthread.o
 .group         0x00000000       0x10 opencvthread.o
 .group         0x00000000       0x10 opencvthread.o
 .group         0x00000000       0x10 opencvthread.o
 .group         0x00000000       0x10 opencvthread.o
 .group         0x00000000       0x10 opencvthread.o
 .group         0x00000000       0x10 opencvthread.o
 .group         0x00000000       0x10 opencvthread.o
 .group         0x00000000       0x10 opencvthread.o
 .group         0x00000000       0x10 opencvthread.o
 .group         0x00000000       0x10 opencvthread.o
 .group         0x00000000       0x10 opencvthread.o
 .group         0x00000000       0x10 opencvthread.o
 .group         0x00000000       0x10 opencvthread.o
 .group         0x00000000       0x10 opencvthread.o
 .group         0x00000000       0x10 opencvthread.o
 .group         0x00000000       0x10 opencvthread.o
 .group         0x00000000       0x10 opencvthread.o
 .group         0x00000000       0x10 opencvthread.o
 .group         0x00000000       0x10 opencvthread.o
 .group         0x00000000       0x10 opencvthread.o
 .group         0x00000000       0x10 opencvthread.o
 .group         0x00000000       0x10 opencvthread.o
 .group         0x00000000       0x10 opencvthread.o
 .group         0x00000000       0x10 opencvthread.o
 .group         0x00000000       0x10 opencvthread.o
 .group         0x00000000       0x10 opencvthread.o
 .group         0x00000000       0x10 opencvthread.o
 .group         0x00000000       0x10 opencvthread.o
 .group         0x00000000       0x10 opencvthread.o
 .group         0x00000000       0x10 opencvthread.o
 .group         0x00000000       0x10 opencvthread.o
 .group         0x00000000       0x10 opencvthread.o
 .group         0x00000000       0x10 opencvthread.o
 .group         0x00000000       0x10 opencvthread.o
 .note.GNU-stack
                0x00000000        0x0 opencvthread.o
 .note.GNU-stack
                0x00000000        0x0 udpclientcamera.o
 .note.GNU-stack
                0x00000000        0x0 pixeltreatment.o
 .group         0x00000000       0x10 siftcat.o
 .group         0x00000000       0x10 siftcat.o
 .group         0x00000000       0x10 siftcat.o
 .group         0x00000000       0x10 siftcat.o
 .group         0x00000000       0x10 siftcat.o
 .group         0x00000000       0x10 siftcat.o
 .group         0x00000000       0x10 siftcat.o
 .group         0x00000000       0x10 siftcat.o
 .group         0x00000000       0x10 siftcat.o
 .group         0x00000000       0x10 siftcat.o
 .group         0x00000000       0x10 siftcat.o
 .group         0x00000000       0x10 siftcat.o
 .group         0x00000000       0x10 siftcat.o
 .group         0x00000000       0x10 siftcat.o
 .group         0x00000000       0x10 siftcat.o
 .group         0x00000000       0x10 siftcat.o
 .group         0x00000000       0x10 siftcat.o
 .group         0x00000000       0x10 siftcat.o
 .group         0x00000000       0x10 siftcat.o
 .group         0x00000000       0x10 siftcat.o
 .group         0x00000000       0x10 siftcat.o
 .group         0x00000000       0x10 siftcat.o
 .group         0x00000000       0x10 siftcat.o
 .group         0x00000000       0x10 siftcat.o
 .group         0x00000000       0x10 siftcat.o
 .group         0x00000000       0x1c siftcat.o
 .group         0x00000000       0x10 siftcat.o
 .group         0x00000000       0x10 siftcat.o
 .group         0x00000000       0x10 siftcat.o
 .group         0x00000000       0x10 siftcat.o
 .group         0x00000000       0x10 siftcat.o
 .group         0x00000000       0x10 siftcat.o
 .group         0x00000000       0x10 siftcat.o
 .group         0x00000000       0x10 siftcat.o
 .group         0x00000000       0x10 siftcat.o
 .group         0x00000000       0x10 siftcat.o
 .group         0x00000000       0x10 siftcat.o
 .group         0x00000000       0x10 siftcat.o
[...]
Memory Configuration

Name             Origin             Length             Attributes
*default*        0x00000000         0xffffffff

Linker script and memory map

LOAD /usr/lib/gcc/arm-linux-gnueabihf/4.9/../../../arm-linux-gnueabihf/crt1.o
LOAD /usr/lib/gcc/arm-linux-gnueabihf/4.9/../../../arm-linux-gnueabihf/crti.o
LOAD /usr/lib/gcc/arm-linux-gnueabihf/4.9/crtbegin.o
LOAD initwithfiles.o
LOAD opencvthread.o
LOAD udpclientcamera.o
LOAD pixeltreatment.o
LOAD siftcat.o
LOAD init.o
LOAD patternSearch.o
LOAD imagetreatment.o
LOAD pixelread.o
LOAD pixelanalyse.o
LOAD main.o
LOAD initCamera.o
LOAD /usr/lib/gcc/arm-linux-gnueabihf/4.9/../../../arm-linux-gnueabihf/libpthread.so
START GROUP
LOAD /lib/arm-linux-gnueabihf/libpthread.so.0
LOAD /usr/lib/arm-linux-gnueabihf/libpthread_nonshared.a
END GROUP
LOAD /usr/local/lib/libopencv_superres.so
LOAD /usr/local/lib/libopencv_stitching.so
LOAD /usr/local/lib/libopencv_videostab.so
LOAD /usr/local/lib/libopencv_dpm.so
LOAD /usr/local/lib/libopencv_surface_matching.so
LOAD /usr/local/lib/libopencv_reg.so
LOAD /usr/local/lib/libopencv_rgbd.so
LOAD /usr/local/lib/libopencv_fuzzy.so
LOAD /usr/local/lib/libopencv_aruco.so
LOAD /usr/local/lib/libopencv_stereo.so
LOAD /usr/local/lib/libopencv_optflow.so
LOAD /usr/local/lib/libopencv_ximgproc.so
LOAD /usr/local/lib/libopencv_bioinspired.so
LOAD /usr/local/lib/libopencv_img_hash.so
LOAD /usr/local/lib/libopencv_xfeatures2d.so
LOAD /usr/local/lib/libopencv_shape.so
LOAD /usr/local/lib/libopencv_bgsegm.so
LOAD /usr/local/lib/libopencv_hfs.so
LOAD /usr/local/lib/libopencv_line_descriptor.so
LOAD /usr/local/lib/libopencv_xobjdetect.so
LOAD /usr/local/lib/libopencv_ccalib.so
LOAD /usr/local/lib/libopencv_saliency.so
LOAD /usr/local/lib/libopencv_dnn_objdetect.so
LOAD /usr/local/lib/libopencv_face.so
LOAD /usr/local/lib/libopencv_tracking.so
LOAD /usr/local/lib/libopencv_datasets.so
LOAD /usr/local/lib/libopencv_video.so
LOAD /usr/local/lib/libopencv_plot.so
LOAD /usr/local/lib/libopencv_photo.so
LOAD /usr/local/lib/libopencv_objdetect.so
LOAD /usr/local/lib/libopencv_structured_light.so
LOAD /usr/local/lib/libopencv_calib3d.so
LOAD /usr/local/lib/libopencv_phase_unwrapping.so
LOAD /usr/local/lib/libopencv_xphoto.so
LOAD /usr/local/lib/libopencv_freetype.so
LOAD /usr/local/lib/libopencv_text.so
LOAD /usr/local/lib/libopencv_features2d.so
LOAD /usr/local/lib/libopencv_highgui.so
LOAD /usr/local/lib/libopencv_videoio.so
LOAD /usr/local/lib/libopencv_imgcodecs.so
LOAD /usr/local/lib/libopencv_dnn.so
LOAD /usr/local/lib/libopencv_ml.so
LOAD /usr/local/lib/libopencv_imgproc.so
LOAD /usr/local/lib/libopencv_flann.so
LOAD /usr/local/lib/libopencv_core.so
LOAD /usr/lib/gcc/arm-linux-gnueabihf/4.9/libstdc++.so
LOAD /usr/lib/gcc/arm-linux-gnueabihf/4.9/../../../arm-linux-gnueabihf/libm.so
LOAD /usr/lib/gcc/arm-linux-gnueabihf/4.9/libgcc_s.so
START GROUP
LOAD /usr/lib/gcc/arm-linux-gnueabihf/4.9/libgcc_s.so.1
LOAD /usr/lib/gcc/arm-linux-gnueabihf/4.9/libgcc.a
END GROUP
LOAD /usr/lib/gcc/arm-linux-gnueabihf/4.9/libgcc.a
LOAD /usr/lib/gcc/arm-linux-gnueabihf/4.9/../../../arm-linux-gnueabihf/libc.so
START GROUP
LOAD /lib/arm-linux-gnueabihf/libc.so.6
LOAD /usr/lib/arm-linux-gnueabihf/libc_nonshared.a
LOAD /lib/arm-linux-gnueabihf/ld-linux-armhf.so.3
END GROUP
LOAD /usr/lib/gcc/arm-linux-gnueabihf/4.9/libgcc_s.so
START GROUP
LOAD /usr/lib/gcc/arm-linux-gnueabihf/4.9/libgcc_s.so.1
LOAD /usr/lib/gcc/arm-linux-gnueabihf/4.9/libgcc.a
END GROUP
LOAD /usr/lib/gcc/arm-linux-gnueabihf/4.9/libgcc.a
LOAD /usr/lib/gcc/arm-linux-gnueabihf/4.9/crtend.o
LOAD /usr/lib/gcc/arm-linux-gnueabihf/4.9/../../../arm-linux-gnueabihf/crtn.o
                0x00010000                PROVIDE (__executable_start, 0x10000)
                0x00010134                . = (0x10000 + SIZEOF_HEADERS)

.interp         0x00010134       0x19
 *(.interp)
 .interp        0x00010134       0x19 /usr/lib/gcc/arm-linux-gnueabihf/4.9/../../../arm-linux-gnueabihf/crt1.o

.note.ABI-tag   0x00010150       0x20
 .note.ABI-tag  0x00010150       0x20 /usr/lib/gcc/arm-linux-gnueabihf/4.9/../../../arm-linux-gnueabihf/crt1.o

.note.gnu.build-id
                0x00010170       0x24
 *(.note.gnu.build-id)
 .note.gnu.build-id
                0x00010170       0x24 linker stubs

.hash
 *(.hash)

.gnu.hash       0x00010194      0x500
 *(.gnu.hash)
 .gnu.hash      0x00010194      0x500 /usr/lib/gcc/arm-linux-gnueabihf/4.9/../../../arm-linux-gnueabihf/crt1.o

.dynsym         0x00010694      0xa00
 *(.dynsym)
 .dynsym        0x00010694      0xa00 /usr/lib/gcc/arm-linux-gnueabihf/4.9/../../../arm-linux-gnueabihf/crt1.o

.dynstr         0x00011094     0x1426
 *(.dynstr)
 .dynstr        0x00011094     0x1426 /usr/lib/gcc/arm-linux-gnueabihf/4.9/../../../arm-linux-gnueabihf/crt1.o

.gnu.version    0x000124ba      0x140
 *(.gnu.version)
 .gnu.version   0x000124ba      0x140 /usr/lib/gcc/arm-linux-gnueabihf/4.9/../../../arm-linux-gnueabihf/crt1.o

.gnu.version_d  0x000125fc        0x0
 *(.gnu.version_d)
 .gnu.version_d
                0x000125fc        0x0 /usr/lib/gcc/arm-linux-gnueabihf/4.9/../../../arm-linux-gnueabihf/crt1.o

.gnu.version_r  0x000125fc       0xd0
 *(.gnu.version_r)
 .gnu.version_r
                0x000125fc       0xd0 /usr/lib/gcc/arm-linux-gnueabihf/4.9/../../../arm-linux-gnueabihf/crt1.o

.rel.dyn        0x000126cc       0x28
 *(.rel.init)
 *(.rel.text .rel.text.* .rel.gnu.linkonce.t.*)
 *(.rel.fini)
 *(.rel.rodata .rel.rodata.* .rel.gnu.linkonce.r.*)
 *(.rel.data.rel.ro .rel.data.rel.ro.* .rel.gnu.linkonce.d.rel.ro.*)
 *(.rel.data .rel.data.* .rel.gnu.linkonce.d.*)
 *(.rel.tdata .rel.tdata.* .rel.gnu.linkonce.td.*)
 *(.rel.tbss .rel.tbss.* .rel.gnu.linkonce.tb.*)
 *(.rel.ctors)
 *(.rel.dtors)
 *(.rel.got)
 .rel.got       0x000126cc        0x8 /usr/lib/gcc/arm-linux-gnueabihf/4.9/../../../arm-linux-gnueabihf/crt1.o
 *(.rel.bss .rel.bss.* .rel.gnu.linkonce.b.*)
 .rel.bss       0x000126d4       0x20 /usr/lib/gcc/arm-linux-gnueabihf/4.9/../../../arm-linux-gnueabihf/crt1.o
                0x000126f4                PROVIDE (__rel_iplt_start, .)
 *(.rel.iplt)
 .rel.iplt      0x000126f4        0x0 /usr/lib/gcc/arm-linux-gnueabihf/4.9/../../../arm-linux-gnueabihf/crt1.o
                0x000126f4                PROVIDE (__rel_iplt_end, .)

.rela.dyn       0x000126f4        0x0
 *(.rela.init)
 *(.rela.text .rela.text.* .rela.gnu.linkonce.t.*)
 *(.rela.fini)
 *(.rela.rodata .rela.rodata.* .rela.gnu.linkonce.r.*)
 *(.rela.data .rela.data.* .rela.gnu.linkonce.d.*)
 *(.rela.tdata .rela.tdata.* .rela.gnu.linkonce.td.*)
 *(.rela.tbss .rela.tbss.* .rela.gnu.linkonce.tb.*)
 *(.rela.ctors)
 *(.rela.dtors)
 *(.rela.got)
 *(.rela.bss .rela.bss.* .rela.gnu.linkonce.b.*)
                0x000126f4                PROVIDE (__rela_iplt_start, .)
 *(.rela.iplt)
                0x000126f4                PROVIDE (__rela_iplt_end, .)

.rel.plt        0x000126f4      0x3b8
 *(.rel.plt)
 .rel.plt       0x000126f4      0x3b8 /usr/lib/gcc/arm-linux-gnueabihf/4.9/../../../arm-linux-gnueabihf/crt1.o

.rela.plt
 *(.rela.plt)

.init           0x00012aac        0xc
 *(SORT(.init))
 .init          0x00012aac        0x8 /usr/lib/gcc/arm-linux-gnueabihf/4.9/../../../arm-linux-gnueabihf/crti.o
                0x00012aac                _init
 .init          0x00012ab4        0x4 /usr/lib/gcc/arm-linux-gnueabihf/4.9/../../../arm-linux-gnueabihf/crtn.o

.plt            0x00012ab8      0x5a8
 *(.plt)
 .plt           0x00012ab8      0x5a8 /usr/lib/gcc/arm-linux-gnueabihf/4.9/../../../arm-linux-gnueabihf/crt1.o
                0x00012acc                cv::pointPolygonTest(cv::_InputArray const&, cv::Point_<float>, bool)
                0x00012ad8                cv::imwrite(cv::String const&, cv::_InputArray const&, std::vector<int, std::allocator<int> > const&)
                0x00012ae4                cv::inRange(cv::_InputArray const&, cv::_InputArray const&, cv::_InputArray const&, cv::_OutputArray const&)
                0x00012af0                fwrite@@GLIBC_2.4
                0x00012afc                __cxa_begin_catch@@CXXABI_1.3
                0x00012b08                cv::Mat::Mat(cv::Mat const&, cv::Rect_<int> const&)
                0x00012b14                cv::cvtColor(cv::_InputArray const&, cv::_OutputArray const&, int, int)
                0x00012b20                cv::line(cv::_InputOutputArray const&, cv::Point_<int>, cv::Point_<int>, cv::Scalar_<double> const&, int, int, int)
                0x00012b2c                cv::Mat::copySize(cv::Mat const&)
                0x00012b38                std::__throw_bad_alloc()@@GLIBCXX_3.4
                0x00012b44                fprintf@@GLIBC_2.4
                0x00012b50                socket@@GLIBC_2.4
                0x00012b5c                cv::imread(cv::String const&, int)
                0x00012b68                __aeabi_idivmod@@GCC_3.5
                0x00012b74                sleep@@GLIBC_2.4
                0x00012b80                cv::boundingRect(cv::_InputArray const&)
                0x00012b98                printf@@GLIBC_2.4
                0x00012ba4                inet_aton@@GLIBC_2.4
                0x00012bb0                fclose@@GLIBC_2.4
                0x00012bbc                std::basic_ofstream<char, std::char_traits<char> >::basic_ofstream()@@GLIBCXX_3.4
                0x00012bc8                sqrt@@GLIBC_2.4
                0x00012bd4                getopt_long@@GLIBC_2.4
                0x00012be0                fputc@@GLIBC_2.4
                0x00012bec                __assert_fail@@GLIBC_2.4
                0x00012bf8                cv::xfeatures2d::SIFT::create(int, int, double, double, double)
                0x00012c04                std::ostream::operator<<(int)@@GLIBCXX_3.4
                0x00012c10                strerror@@GLIBC_2.4
                0x00012c1c                cv::BFMatcher::BFMatcher(int, bool)
                0x00012c28                cv::DescriptorMatcher::~DescriptorMatcher()
                0x00012c34                cv::Moments::Moments()
                0x00012c40                clock_gettime@@GLIBC_2.17
                0x00012c4c                __cxa_guard_acquire@@CXXABI_1.3
                0x00012c58                cv::String::deallocate()
                0x00012c64                putchar@@GLIBC_2.4
                0x00012c70                puts@@GLIBC_2.4
                0x00012c7c                __libc_start_main@@GLIBC_2.4
                0x00012c94                __cxa_guard_abort@@CXXABI_1.3
                0x00012ca0                __errno_location@@GLIBC_2.4
                0x00012cac                cv::DescriptorMatcher::match(cv::_InputArray const&, cv::_InputArray const&, std::vector<cv::DMatch, std::allocator<cv::DMatch> >&, cv::_InputArray const&) const
                0x00012cb8                cv::Mat::copyTo(cv::_OutputArray const&) const
                0x00012cc4                pthread_mutex_lock@@GLIBC_2.4
                0x00012cd0                cv::Mat::deallocate()
                0x00012cdc                __xstat@@GLIBC_2.4
                0x00012ce8                pthread_cond_destroy@@GLIBC_2.4
                0x00012cf4                cv::approxPolyDP(cv::_InputArray const&, cv::_OutputArray const&, double, bool)
                0x00012d00                free@@GLIBC_2.4
                0x00012d0c                operator delete(void*)@@GLIBCXX_3.4
                0x00012d18                close@@GLIBC_2.4
                0x00012d24                sendto@@GLIBC_2.4
                0x00012d30                __cxa_guard_release@@CXXABI_1.3
                0x00012d3c                memcpy@@GLIBC_2.4
                0x00012d48                memmove@@GLIBC_2.4
                0x00012d54                std::basic_ostream<char, std::char_traits<char> >& std::operator<< <std::char_traits<char> >(std::basic_ostream<char, std::char_traits<char> >&, char const*)@@GLIBCXX_3.4
                0x00012d60                operator new(unsigned int)@@GLIBCXX_3.4
                0x00012d6c                __gxx_personality_v0@@CXXABI_1.3
                0x00012d78                std::__throw_length_error(char const*)@@GLIBCXX_3.4
                0x00012d84                open@@GLIBC_2.4
                0x00012d90                htons@@GLIBC_2.4
                0x00012d9c                cv::drawContours(cv::_InputOutputArray const&, cv::_InputArray const&, int, cv::Scalar_<double> const&, int, int, cv::_InputArray const&, int, cv::Point_<int>)
                0x00012da8                cv::moments(cv::_InputArray const&, bool)
                0x00012db4                std::ios_base::Init::~Init()@@GLIBCXX_3.4
                0x00012dc0                cv::erode(cv::_InputArray const&, cv::_OutputArray const&, cv::_InputArray const&, cv::Point_<int>, int, int, cv::Scalar_<double> const&)
                0x00012dcc                signal@@GLIBC_2.4
                0x00012dd8                gettimeofday@@GLIBC_2.4
                0x00012de4                pthread_join@@GLIBC_2.4
                0x00012df0                cv::drawMatches(cv::_InputArray const&, std::vector<cv::KeyPoint, std::allocator<cv::KeyPoint> > const&, cv::_InputArray const&, std::vector<cv::KeyPoint, std::allocator<cv::KeyPoint> > const&, std::vector<cv::DMatch, std::allocator<cv::DMatch> > const&, cv::_InputOutputArray const&, cv::Scalar_<double> const&, cv::Scalar_<double> const&, std::vector<char, std::allocator<char> > const&, int)
                0x00012dfc                malloc@@GLIBC_2.4
                0x00012e08                pthread_cond_init@@GLIBC_2.4
                0x00012e14                mmap@@GLIBC_2.4
                0x00012e20                strlen@@GLIBC_2.4
                0x00012e2c                pthread_mutex_destroy@@GLIBC_2.4
                0x00012e38                __cxa_end_catch@@CXXABI_1.3
                0x00012e44                std::basic_ofstream<char, std::char_traits<char> >::~basic_ofstream()@@GLIBCXX_3.4
                0x00012e50                pthread_attr_setdetachstate@@GLIBC_2.4
                0x00012e5c                cv::findContours(cv::_InputOutputArray const&, cv::_OutputArray const&, cv::_OutputArray const&, int, int, cv::Point_<int>)
                0x00012e68                __aeabi_atexit@@CXXABI_ARM_1.3.3
                0x00012e74                select@@GLIBC_2.4
                0x00012e80                __cxa_rethrow@@CXXABI_1.3
                0x00012e8c                cv::mixChannels(cv::Mat const*, unsigned int, cv::Mat*, unsigned int, int const*, unsigned int)
                0x00012e98                __aeabi_idiv@@GCC_3.5
                0x00012ea4                std::allocator<char>::allocator()@@GLIBCXX_3.4
                0x00012eb0                pthread_attr_init@@GLIBC_2.4
                0x00012ebc                munmap@@GLIBC_2.4
                0x00012ec8                sprintf@@GLIBC_2.4
                0x00012ed4                perror@@GLIBC_2.4
                0x00012ee0                std::allocator<char>::~allocator()@@GLIBCXX_3.4
                0x00012eec                std::basic_ofstream<char, std::char_traits<char> >::close()@@GLIBCXX_3.4
                0x00012ef8                cv::fastFree(void*)
                0x00012f04                memset@@GLIBC_2.4
                0x00012f10                __cxa_end_cleanup@@CXXABI_1.3
                0x00012f1c                bzero@@GLIBC_2.4
                0x00012f28                cv::getStructuringElement(int, cv::Size_<int>, cv::Point_<int>)
                0x00012f34                cv::imshow(cv::String const&, cv::_InputArray const&)
                0x00012f40                std::basic_ostream<char, std::char_traits<char> >& std::endl<char, std::char_traits<char> >(std::basic_ostream<char, std::char_traits<char> >&)@@GLIBCXX_3.4
                0x00012f4c                std::ios_base::Init::Init()@@GLIBCXX_3.4
                0x00012f58                cv::fillPoly(cv::Mat&, cv::Point_<int> const**, int const*, int, cv::Scalar_<double> const&, int, int, cv::Point_<int>)
                0x00012f64                std::ostream::operator<<(std::ostream& (*)(std::ostream&))@@GLIBCXX_3.4
                0x00012f70                cv::Mat::create(int, int const*, int)
                0x00012f7c                pthread_create@@GLIBC_2.4
                0x00012f88                strcat@@GLIBC_2.4
                0x00012f94                std::basic_ofstream<char, std::char_traits<char> >::open(char const*, std::_Ios_Openmode)@@GLIBCXX_3.4
                0x00012fa0                abort@@GLIBC_2.4
                0x00012fac                cv::resize(cv::_InputArray const&, cv::_OutputArray const&, cv::Size_<int>, double, double, int)
                0x00012fb8                cv::circle(cv::_InputOutputArray const&, cv::Point_<int>, int, cv::Scalar_<double> const&, int, int, int)
                0x00012fc4                exit@@GLIBC_2.4
                0x00012fd0                cv::arcLength(cv::_InputArray const&, bool)
                0x00012fdc                cv::noArray()
                0x00012fe8                calloc@@GLIBC_2.4
                0x00012ff4                fgetc@@GLIBC_2.4
                0x00013000                pthread_attr_destroy@@GLIBC_2.4
                0x0001300c                pthread_mutex_unlock@@GLIBC_2.4
                0x00013018                usleep@@GLIBC_2.4
                0x00013024                fopen@@GLIBC_2.4
                0x00013030                pthread_mutex_init@@GLIBC_2.4
                0x0001303c                ioctl@@GLIBC_2.4
                0x00013048                pthread_exit@@GLIBC_2.4
                0x00013054                cv::String::allocate(unsigned int)

.iplt           0x00013060        0x0
 *(.iplt)
 .iplt          0x00013060        0x0 /usr/lib/gcc/arm-linux-gnueabihf/4.9/../../../arm-linux-gnueabihf/crt1.o

.text           0x00013060    0x19568
 *(.text.unlikely .text.*_unlikely .text.unlikely.*)
 *(.text.exit .text.exit.*)
 *(.text.startup .text.startup.*)
 *(.text.hot .text.hot.*)
 *(.text .stub .text.* .gnu.linkonce.t.*)
 .text          0x00013060       0x3c /usr/lib/gcc/arm-linux-gnueabihf/4.9/../../../arm-linux-gnueabihf/crt1.o
                0x00013060                _start
 .text          0x0001309c       0x24 /usr/lib/gcc/arm-linux-gnueabihf/4.9/../../../arm-linux-gnueabihf/crti.o
 .text          0x000130c0       0xc8 /usr/lib/gcc/arm-linux-gnueabihf/4.9/crtbegin.o
 .text          0x00013188      0x514 initwithfiles.o
                0x00013188                initwithfiles()
 .text          0x0001369c      0x480 opencvthread.o
                0x0001369c                openCVThread(void*)
                0x00013718                getImageOpenCV(cv::Mat&)
 .text._ZN2cv6StringC2EPKc
                0x00013b1c       0x88 opencvthread.o
                0x00013b1c                cv::String::String(char const*)
                0x00013b1c                cv::String::String(char const*)
 .text._ZN2cv6StringD2Ev
                0x00013ba4       0x28 opencvthread.o
                0x00013ba4                cv::String::~String()
                0x00013ba4                cv::String::~String()
 .text._ZN2cv11_InputArray4initEiPKv
                0x00013bcc       0x3c opencvthread.o
                0x00013bcc                cv::_InputArray::init(int, void const*)
 .text._ZN2cv11_InputArrayC2ERKNS_3MatE
                0x00013c08       0x48 opencvthread.o
                0x00013c08                cv::_InputArray::_InputArray(cv::Mat const&)
                0x00013c08                cv::_InputArray::_InputArray(cv::Mat const&)
 .text._ZN2cv11_InputArrayD2Ev
                0x00013c50       0x24 opencvthread.o
                0x00013c50                cv::_InputArray::~_InputArray()
                0x00013c50                cv::_InputArray::~_InputArray()
 .text._ZN2cv3MatC2Ev
                0x00013c74       0xcc opencvthread.o
                0x00013c74                cv::Mat::Mat()
                0x00013c74                cv::Mat::Mat()
 .text._ZN2cv3MatC2Eiii
                0x00013d40       0xec opencvthread.o
                0x00013d40                cv::Mat::Mat(int, int, int)
                0x00013d40                cv::Mat::Mat(int, int, int)
 .text._ZN2cv3MatC2ERKS0_
                0x00013e2c      0x1c8 opencvthread.o
                0x00013e2c                cv::Mat::Mat(cv::Mat const&)
                0x00013e2c                cv::Mat::Mat(cv::Mat const&)
 .text._ZN2cv3MatD2Ev
                0x00013ff4       0x50 opencvthread.o
                0x00013ff4                cv::Mat::~Mat()
                0x00013ff4                cv::Mat::~Mat()
 .text._ZN2cv3MataSERKS0_
                0x00014044      0x1b4 opencvthread.o
                0x00014044                cv::Mat::operator=(cv::Mat const&)
 .text._ZN2cv3Mat6createEiii
                0x000141f8       0xd0 opencvthread.o
                0x000141f8                cv::Mat::create(int, int, int)
 .text._ZN2cv3Mat7releaseEv
                0x000142c8      0x100 opencvthread.o
                0x000142c8                cv::Mat::release()
 .text._ZNK2cv3Mat4typeEv
                0x000143c8       0x30 opencvthread.o
                0x000143c8                cv::Mat::type() const
 .text._ZN2cv7MatSizeC2EPi
                0x000143f8       0x34 opencvthread.o
                0x000143f8                cv::MatSize::MatSize(int*)
                0x000143f8                cv::MatSize::MatSize(int*)
 .text._ZN2cv7MatStepC2Ej
                0x0001442c       0x5c opencvthread.o
                0x0001442c                cv::MatStep::MatStep(unsigned int)
                0x0001442c                cv::MatStep::MatStep(unsigned int)
 .text._ZNK2cv7MatStepixEi
                0x00014488       0x38 opencvthread.o
                0x00014488                cv::MatStep::operator[](int) const
 .text._ZN2cv7MatStepixEi
                0x000144c0       0x38 opencvthread.o
                0x000144c0                cv::MatStep::operator[](int)
 .text._ZNSt6vectorIiSaIiEEC2Ev
                0x000144f8       0x2c opencvthread.o
                0x000144f8                std::vector<int, std::allocator<int> >::vector()
                0x000144f8                std::vector<int, std::allocator<int> >::vector()
 .text._ZNSt6vectorIiSaIiEED2Ev
                0x00014524       0x5c opencvthread.o
                0x00014524                std::vector<int, std::allocator<int> >::~vector()
                0x00014524                std::vector<int, std::allocator<int> >::~vector()
 .text._ZN2cv5Size_IiEC2Ev
                0x00014580       0x3c opencvthread.o
                0x00014580                cv::Size_<int>::Size_()
                0x00014580                cv::Size_<int>::Size_()
 .text._ZNSt12_Vector_baseIiSaIiEE12_Vector_implD2Ev
                0x000145bc       0x28 opencvthread.o
                0x000145bc                std::_Vector_base<int, std::allocator<int> >::_Vector_impl::~_Vector_impl()
                0x000145bc                std::_Vector_base<int, std::allocator<int> >::_Vector_impl::~_Vector_impl()
 .text._ZNSt12_Vector_baseIiSaIiEEC2Ev
                0x000145e4       0x2c opencvthread.o
                0x000145e4                std::_Vector_base<int, std::allocator<int> >::_Vector_base()
                0x000145e4                std::_Vector_base<int, std::allocator<int> >::_Vector_base()
 .text._ZNSt12_Vector_baseIiSaIiEED2Ev
                0x00014610       0x60 opencvthread.o
                0x00014610                std::_Vector_base<int, std::allocator<int> >::~_Vector_base()
                0x00014610                std::_Vector_base<int, std::allocator<int> >::~_Vector_base()
 .text._ZNSt12_Vector_baseIiSaIiEE19_M_get_Tp_allocatorEv
                0x00014670       0x24 opencvthread.o
                0x00014670                std::_Vector_base<int, std::allocator<int> >::_M_get_Tp_allocator()
 .text._ZSt8_DestroyIPiiEvT_S1_RSaIT0_E
                0x00014694       0x2c opencvthread.o
                0x00014694                void std::_Destroy<int*, int>(int*, int*, std::allocator<int>&)
 .text._ZNSt12_Vector_baseIiSaIiEE12_Vector_implC2Ev
                0x000146c0       0x4c opencvthread.o
                0x000146c0                std::_Vector_base<int, std::allocator<int> >::_Vector_impl::_Vector_impl()
                0x000146c0                std::_Vector_base<int, std::allocator<int> >::_Vector_impl::_Vector_impl()
 .text._ZNSaIiED2Ev
                0x0001470c       0x28 opencvthread.o
                0x0001470c                std::allocator<int>::~allocator()
                0x0001470c                std::allocator<int>::~allocator()
 .text._ZNSt12_Vector_baseIiSaIiEE13_M_deallocateEPij
                0x00014734       0x40 opencvthread.o
                0x00014734                std::_Vector_base<int, std::allocator<int> >::_M_deallocate(int*, unsigned int)
 .text._ZSt8_DestroyIPiEvT_S1_
                0x00014774       0x28 opencvthread.o
                0x00014774                void std::_Destroy<int*>(int*, int*)
 .text._ZNSaIiEC2Ev
                0x0001479c       0x28 opencvthread.o
                0x0001479c                std::allocator<int>::allocator()
                0x0001479c                std::allocator<int>::allocator()
 .text._ZN9__gnu_cxx13new_allocatorIiED2Ev
                0x000147c4       0x24 opencvthread.o
                0x000147c4                __gnu_cxx::new_allocator<int>::~new_allocator()
                0x000147c4                __gnu_cxx::new_allocator<int>::~new_allocator()
 .text._ZNSt16allocator_traitsISaIiEE10deallocateERS0_Pij
                0x000147e8       0x30 opencvthread.o
                0x000147e8                std::allocator_traits<std::allocator<int> >::deallocate(std::allocator<int>&, int*, unsigned int)
 .text._ZNSt12_Destroy_auxILb1EE9__destroyIPiEEvT_S3_
                0x00014818       0x20 opencvthread.o
                0x00014818                void std::_Destroy_aux<true>::__destroy<int*>(int*, int*)
 .text._ZN9__gnu_cxx13new_allocatorIiEC2Ev
                0x00014838       0x24 opencvthread.o
                0x00014838                __gnu_cxx::new_allocator<int>::new_allocator()
                0x00014838                __gnu_cxx::new_allocator<int>::new_allocator()
 .text._ZN9__gnu_cxx13new_allocatorIiE10deallocateEPij
                0x0001485c       0x28 opencvthread.o
                0x0001485c                __gnu_cxx::new_allocator<int>::deallocate(int*, unsigned int)
 .text          0x00014884      0x58c udpclientcamera.o
                0x00014884                udpclientThread(void*)
 .text          0x00014e10      0x2a4 pixeltreatment.o
                0x00014e10                rgb_to_hsv(unsigned char, unsigned char, unsigned char, int*, int*, int*)
 *fill*         0x000150b4        0x4 
 .text          0x000150b8     0x2df8 siftcat.o
                0x00015118                preload_sift()
                0x00015350                siftAnalisys(cv::Mat, cv::Point_<int>, cv::Point_<int>, cv::Scalar_<double>&, cv::Point_<int>&, int&, int)
                0x00016654                clusterVerification(std::vector<cv::DMatch, std::allocator<cv::DMatch> >&, std::vector<cv::KeyPoint, std::allocator<cv::KeyPoint> >, unsigned int, float)
                0x000170f4                inRangePoints(std::vector<cv::DMatch, std::allocator<cv::DMatch> >, std::vector<cv::KeyPoint, std::allocator<cv::KeyPoint> >, float, int)
                0x000172b4                recalibration(char (&) [200])
                0x00017c00                awbcolorchange(int, int)
 .text._ZnwjPv  0x00017eb0       0x28 siftcat.o
                0x00017eb0                operator new(unsigned int, void*)
 .text._ZSt3absf
                0x00017ed8       0x28 siftcat.o
                0x00017ed8                std::abs(float)
 .text._ZN2cv6detail8PtrOwner6incRefEv
                0x00017f00       0x40 siftcat.o
                0x00017f00                cv::detail::PtrOwner::incRef()
 .text._ZN2cv6detail8PtrOwner6decRefEv
                0x00017f40       0x6c siftcat.o
                0x00017f40                cv::detail::PtrOwner::decRef()
 .text._ZN2cv11_InputArrayC2Ev
                0x00017fac       0x40 siftcat.o
                0x00017fac                cv::_InputArray::_InputArray()
                0x00017fac                cv::_InputArray::_InputArray()
 .text._ZN2cv12_OutputArrayC2Ev
                0x00017fec       0x40 siftcat.o
                0x00017fec                cv::_OutputArray::_OutputArray()
                0x00017fec                cv::_OutputArray::_OutputArray()
 .text._ZN2cv12_OutputArrayC2ERNS_3MatE
                0x0001802c       0x48 siftcat.o
                0x0001802c                cv::_OutputArray::_OutputArray(cv::Mat&)
                0x0001802c                cv::_OutputArray::_OutputArray(cv::Mat&)
 .text._ZN2cv12_OutputArrayD2Ev
                0x00018074       0x2c siftcat.o
                0x00018074                cv::_OutputArray::~_OutputArray()
                0x00018074                cv::_OutputArray::~_OutputArray()
 .text._ZN2cv17_InputOutputArrayC2ERNS_3MatE
                0x000180a0       0x48 siftcat.o
                0x000180a0                cv::_InputOutputArray::_InputOutputArray(cv::Mat&)
                0x000180a0                cv::_InputOutputArray::_InputOutputArray(cv::Mat&)
 .text._ZNK2cv3Mat5cloneEv
                0x000180e8       0x70 siftcat.o
                0x000180e8                cv::Mat::clone() const
 .text._ZNK2cv3MatclERKNS_5Rect_IiEE
                0x00018158       0x34 siftcat.o
                0x00018158                cv::Mat::operator()(cv::Rect_<int> const&) const
 .text._ZN2cv3MataSEOS0_
                0x0001818c      0x274 siftcat.o
                0x0001818c                cv::Mat::operator=(cv::Mat&&)
 .text._ZN2cv9BFMatcherD2Ev
                0x00018400       0x50 siftcat.o
                0x00018400                cv::BFMatcher::~BFMatcher()
                0x00018400                cv::BFMatcher::~BFMatcher()
 .text._ZN2cv9BFMatcherD0Ev
                0x00018450       0x30 siftcat.o
                0x00018450                cv::BFMatcher::~BFMatcher()
 .text._ZN7clusterC2Ev
                0x00018480       0x30 siftcat.o
                0x00018480                cluster::cluster()
                0x00018480                cluster::cluster()
 .text._ZN7clusteraSERKS_
                0x000184b0       0x60 siftcat.o
                0x000184b0                cluster::operator=(cluster const&)
 .text._ZN2cv17_InputOutputArrayD2Ev
                0x00018510       0x2c siftcat.o
                0x00018510                cv::_InputOutputArray::~_InputOutputArray()
                0x00018510                cv::_InputOutputArray::~_InputOutputArray()
 .text._ZN2cv6Point_IfEC2ERKS1_
                0x0001853c       0x48 siftcat.o
                0x0001853c                cv::Point_<float>::Point_(cv::Point_<float> const&)
                0x0001853c                cv::Point_<float>::Point_(cv::Point_<float> const&)
 .text._ZN2cv6Point_IiEC2Eii
                0x00018584       0x44 siftcat.o
                0x00018584                cv::Point_<int>::Point_(int, int)
                0x00018584                cv::Point_<int>::Point_(int, int)
 .text._ZN2cv6Point_IiEC2ERKS1_
                0x000185c8       0x48 siftcat.o
                0x000185c8                cv::Point_<int>::Point_(cv::Point_<int> const&)
                0x000185c8                cv::Point_<int>::Point_(cv::Point_<int> const&)
 .text._ZN2cv7Scalar_IdE3allEd
                0x00018610       0x38 siftcat.o
                0x00018610                cv::Scalar_<double>::all(double)
 .text._ZN2cv6Point_IiEC2Ev
                0x00018648       0x3c siftcat.o
                0x00018648                cv::Point_<int>::Point_()
                0x00018648                cv::Point_<int>::Point_()
 .text._ZNSt6vectorIcSaIcEEC2Ev
                0x00018684       0x2c siftcat.o
                0x00018684                std::vector<char, std::allocator<char> >::vector()
                0x00018684                std::vector<char, std::allocator<char> >::vector()
 .text._ZNSt6vectorIcSaIcEED2Ev
                0x000186b0       0x5c siftcat.o
                0x000186b0                std::vector<char, std::allocator<char> >::~vector()
                0x000186b0                std::vector<char, std::allocator<char> >::~vector()
 .text._ZN2cv3PtrINS_9Feature2DEEC2Ev
                0x0001870c       0x3c siftcat.o
                0x0001870c                cv::Ptr<cv::Feature2D>::Ptr()
                0x0001870c                cv::Ptr<cv::Feature2D>::Ptr()
 .text._ZN2cv3PtrINS_9Feature2DEED2Ev
                0x00018748       0x28 siftcat.o
                0x00018748                cv::Ptr<cv::Feature2D>::~Ptr()
                0x00018748                cv::Ptr<cv::Feature2D>::~Ptr()
 .text._ZNSt6vectorIN2cv8KeyPointESaIS1_EEC2Ev
                0x00018770       0x2c siftcat.o
                0x00018770                std::vector<cv::KeyPoint, std::allocator<cv::KeyPoint> >::vector()
                0x00018770                std::vector<cv::KeyPoint, std::allocator<cv::KeyPoint> >::vector()
 .text._ZN2cv3PtrINS_11xfeatures2d4SIFTEED2Ev
                0x0001879c       0x28 siftcat.o
                0x0001879c                cv::Ptr<cv::xfeatures2d::SIFT>::~Ptr()
                0x0001879c                cv::Ptr<cv::xfeatures2d::SIFT>::~Ptr()
 .text._ZN2cv3PtrINS_9Feature2DEEaSINS_11xfeatures2d4SIFTEEERS2_RKNS0_IT_EE
                0x000187c4       0x50 siftcat.o
                0x000187c4                cv::Ptr<cv::Feature2D>& cv::Ptr<cv::Feature2D>::operator=<cv::xfeatures2d::SIFT>(cv::Ptr<cv::xfeatures2d::SIFT> const&)
 .text._ZNK2cv3PtrINS_9Feature2DEEptEv
                0x00018814       0x28 siftcat.o
                0x00018814                cv::Ptr<cv::Feature2D>::operator->() const
 .text._ZN2cv5Rect_IiEC2Ev
                0x0001883c       0x54 siftcat.o
                0x0001883c                cv::Rect_<int>::Rect_()
                0x0001883c                cv::Rect_<int>::Rect_()
 .text._ZNSt6vectorIN2cv8KeyPointESaIS1_EED2Ev
                0x00018890       0x5c siftcat.o
                0x00018890                std::vector<cv::KeyPoint, std::allocator<cv::KeyPoint> >::~vector()
                0x00018890                std::vector<cv::KeyPoint, std::allocator<cv::KeyPoint> >::~vector()
 .text._ZNSt6vectorIN2cv6DMatchESaIS1_EEC2Ev
                0x000188ec       0x2c siftcat.o
                0x000188ec                std::vector<cv::DMatch, std::allocator<cv::DMatch> >::vector()
                0x000188ec                std::vector<cv::DMatch, std::allocator<cv::DMatch> >::vector()
 .text._ZNSt6vectorIN2cv6DMatchESaIS1_EED2Ev
                0x00018918       0x5c siftcat.o
                0x00018918                std::vector<cv::DMatch, std::allocator<cv::DMatch> >::~vector()
                0x00018918                std::vector<cv::DMatch, std::allocator<cv::DMatch> >::~vector()
 .text._ZNKSt6vectorIN2cv6DMatchESaIS1_EE4sizeEv
                0x00018974       0x3c siftcat.o
                0x00018974                std::vector<cv::DMatch, std::allocator<cv::DMatch> >::size() const
 .text._ZNSt6vectorIN2cv6DMatchESaIS1_EEixEj
                0x000189b0       0x38 siftcat.o
                0x000189b0                std::vector<cv::DMatch, std::allocator<cv::DMatch> >::operator[](unsigned int)
 .text._ZSt3maxIdERKT_S2_S2_
                0x000189e8       0x4c siftcat.o
                0x000189e8                double const& std::max<double>(double const&, double const&)
 .text._ZSt7forwardIRKN2cv6DMatchEEOT_RNSt16remove_referenceIS4_E4typeE
                0x00018a34       0x24 siftcat.o
                0x00018a34                cv::DMatch const& std::forward<cv::DMatch const&>(std::remove_reference<cv::DMatch const&>::type&)
 .text._ZNSt6vectorIN2cv6DMatchESaIS1_EE9push_backERKS1_
                0x00018a58       0x74 siftcat.o
                0x00018a58                std::vector<cv::DMatch, std::allocator<cv::DMatch> >::push_back(cv::DMatch const&)
 .text._ZNSt6vectorI7clusterSaIS0_EEC2Ev
                0x00018acc       0x2c siftcat.o
                0x00018acc                std::vector<cluster, std::allocator<cluster> >::vector()
                0x00018acc                std::vector<cluster, std::allocator<cluster> >::vector()
 .text._ZNSt6vectorI7clusterSaIS0_EED2Ev
                0x00018af8       0x5c siftcat.o
                0x00018af8                std::vector<cluster, std::allocator<cluster> >::~vector()
                0x00018af8                std::vector<cluster, std::allocator<cluster> >::~vector()
 .text._ZNSt6vectorIN2cv8KeyPointESaIS1_EEC2ERKS3_
                0x00018b54       0xe4 siftcat.o
                0x00018b54                std::vector<cv::KeyPoint, std::allocator<cv::KeyPoint> >::vector(std::vector<cv::KeyPoint, std::allocator<cv::KeyPoint> > const&)
                0x00018b54                std::vector<cv::KeyPoint, std::allocator<cv::KeyPoint> >::vector(std::vector<cv::KeyPoint, std::allocator<cv::KeyPoint> > const&)
 .text._ZSt4moveIRSt6vectorI7clusterSaIS1_EEEONSt16remove_referenceIT_E4typeEOS6_
                0x00018c38       0x24 siftcat.o
                0x00018c38                std::remove_reference<std::vector<cluster, std::allocator<cluster> >&>::type&& std::move<std::vector<cluster, std::allocator<cluster> >&>(std::vector<cluster, std::allocator<cluster> >&)
 .text._ZNSt6vectorI7clusterSaIS0_EEaSEOS2_
                0x00018c5c       0x48 siftcat.o
                0x00018c5c                std::vector<cluster, std::allocator<cluster> >::operator=(std::vector<cluster, std::allocator<cluster> >&&)
 .text._ZNKSt6vectorI7clusterSaIS0_EE4sizeEv
                0x00018ca4       0x3c siftcat.o
                0x00018ca4                std::vector<cluster, std::allocator<cluster> >::size() const
 .text._ZNSt6vectorI7clusterSaIS0_EEixEj
                0x00018ce0       0x38 siftcat.o
                0x00018ce0                std::vector<cluster, std::allocator<cluster> >::operator[](unsigned int)
 .text._ZN2cv6Point_IiEaSERKS1_
                0x00018d18       0x48 siftcat.o
                0x00018d18                cv::Point_<int>::operator=(cv::Point_<int> const&)
 .text._ZNSt6vectorIN2cv8KeyPointESaIS1_EEixEj
                0x00018d60       0x44 siftcat.o
                0x00018d60                std::vector<cv::KeyPoint, std::allocator<cv::KeyPoint> >::operator[](unsigned int)
 .text._ZN2cv3Mat2atINS_3VecIhLi3EEEEERT_NS_6Point_IiEE
                0x00018da4       0x64 siftcat.o
                0x00018da4                cv::Vec<unsigned char, 3>& cv::Mat::at<cv::Vec<unsigned char, 3> >(cv::Point_<int>)
 .text._ZN2cv3VecIhLi3EEixEi
                0x00018e08       0x30 siftcat.o
                0x00018e08                cv::Vec<unsigned char, 3>::operator[](int)
 .text._ZN2cv3VecIdLi4EEixEi
                0x00018e38       0x34 siftcat.o
                0x00018e38                cv::Vec<double, 4>::operator[](int)
 .text._ZSt4moveIRiEONSt16remove_referenceIT_E4typeEOS2_
                0x00018e6c       0x24 siftcat.o
                0x00018e6c                std::remove_reference<int&>::type&& std::move<int&>(int&)
 .text._ZNSt6vectorIiSaIiEE9push_backEOi
                0x00018e90       0x34 siftcat.o
                0x00018e90                std::vector<int, std::allocator<int> >::push_back(int&&)
 .text._ZNKSt6vectorIN2cv8KeyPointESaIS1_EE4sizeEv
                0x00018ec4       0x48 siftcat.o
                0x00018ec4                std::vector<cv::KeyPoint, std::allocator<cv::KeyPoint> >::size() const
 .text._ZN2cv7Scalar_IdEC2Edddd
                0x00018f0c       0x6c siftcat.o
                0x00018f0c                cv::Scalar_<double>::Scalar_(double, double, double, double)
                0x00018f0c                cv::Scalar_<double>::Scalar_(double, double, double, double)
 .text._ZNSt6vectorIiSaIiEE6resizeEjRKi
                0x00018f78       0xe0 siftcat.o
                0x00018f78                std::vector<int, std::allocator<int> >::resize(unsigned int, int const&)
 .text._ZNSt6vectorIiSaIiEEixEj
                0x00019058       0x38 siftcat.o
                0x00019058                std::vector<int, std::allocator<int> >::operator[](unsigned int)
 .text._ZNSt6vectorIN2cv6DMatchESaIS1_EEC2ERKS3_
                0x00019090       0xe4 siftcat.o
                0x00019090                std::vector<cv::DMatch, std::allocator<cv::DMatch> >::vector(std::vector<cv::DMatch, std::allocator<cv::DMatch> > const&)
                0x00019090                std::vector<cv::DMatch, std::allocator<cv::DMatch> >::vector(std::vector<cv::DMatch, std::allocator<cv::DMatch> > const&)
 .text._ZNKSt6vectorIiSaIiEE4sizeEv
                0x00019174       0x3c siftcat.o
                0x00019174                std::vector<int, std::allocator<int> >::size() const
 .text._ZNSt6vectorIiSaIiEEC2ERKS1_
                0x000191b0       0xe4 siftcat.o
                0x000191b0                std::vector<int, std::allocator<int> >::vector(std::vector<int, std::allocator<int> > const&)
                0x000191b0                std::vector<int, std::allocator<int> >::vector(std::vector<int, std::allocator<int> > const&)
 .text._ZSt7forwardIRKiEOT_RNSt16remove_referenceIS2_E4typeE
                0x00019294       0x24 siftcat.o
                0x00019294                int const& std::forward<int const&>(std::remove_reference<int const&>::type&)
 .text._ZNSt6vectorIiSaIiEE9push_backERKi
                0x000192b8       0x74 siftcat.o
                0x000192b8                std::vector<int, std::allocator<int> >::push_back(int const&)
 .text._ZSt7forwardIRK7clusterEOT_RNSt16remove_referenceIS3_E4typeE
                0x0001932c       0x24 siftcat.o
                0x0001932c                cluster const& std::forward<cluster const&>(std::remove_reference<cluster const&>::type&)
 .text._ZNSt6vectorI7clusterSaIS0_EE9push_backERKS0_
                0x00019350       0x74 siftcat.o
                0x00019350                std::vector<cluster, std::allocator<cluster> >::push_back(cluster const&)
 .text._ZNSt6vectorIiSaIiEE5beginEv
                0x000193c4       0x34 siftcat.o
                0x000193c4                std::vector<int, std::allocator<int> >::begin()
 .text._ZNK9__gnu_cxx17__normal_iteratorIPiSt6vectorIiSaIiEEEplEi
                0x000193f8       0x50 siftcat.o
                0x000193f8                __gnu_cxx::__normal_iterator<int*, std::vector<int, std::allocator<int> > >::operator+(int) const
 .text._ZN9__gnu_cxx17__normal_iteratorIPKiSt6vectorIiSaIiEEEC2IPiEERKNS0_IT_NS_11__enable_ifIXsrSt10__are_sameIS9_S8_E7__valueES5_E6__typeEEE
                0x00019448       0x3c siftcat.o
                0x00019448                __gnu_cxx::__normal_iterator<int const*, std::vector<int, std::allocator<int> > >::__normal_iterator<int*>(__gnu_cxx::__normal_iterator<int*, __gnu_cxx::__enable_if<std::__are_same<int*, int*>::__value, std::vector<int, std::allocator<int> > >::__type> const&)
                0x00019448                __gnu_cxx::__normal_iterator<int const*, std::vector<int, std::allocator<int> > >::__normal_iterator<int*>(__gnu_cxx::__normal_iterator<int*, __gnu_cxx::__enable_if<std::__are_same<int*, int*>::__value, std::vector<int, std::allocator<int> > >::__type> const&)
 .text._ZNSt6vectorIiSaIiEE5eraseEN9__gnu_cxx17__normal_iteratorIPKiS1_EE
                0x00019484       0x7c siftcat.o
                0x00019484                std::vector<int, std::allocator<int> >::erase(__gnu_cxx::__normal_iterator<int const*, std::vector<int, std::allocator<int> > >)
 .text._ZNSt6vectorIN2cv6DMatchESaIS1_EE5beginEv
                0x00019500       0x34 siftcat.o
                0x00019500                std::vector<cv::DMatch, std::allocator<cv::DMatch> >::begin()
 .text._ZNK9__gnu_cxx17__normal_iteratorIPN2cv6DMatchESt6vectorIS2_SaIS2_EEEplEi
                0x00019534       0x50 siftcat.o
                0x00019534                __gnu_cxx::__normal_iterator<cv::DMatch*, std::vector<cv::DMatch, std::allocator<cv::DMatch> > >::operator+(int) const
 .text._ZN9__gnu_cxx17__normal_iteratorIPKN2cv6DMatchESt6vectorIS2_SaIS2_EEEC2IPS2_EERKNS0_IT_NS_11__enable_ifIXsrSt10__are_sameISB_SA_E7__valueES7_E6__typeEEE
                0x00019584       0x3c siftcat.o
                0x00019584                __gnu_cxx::__normal_iterator<cv::DMatch const*, std::vector<cv::DMatch, std::allocator<cv::DMatch> > >::__normal_iterator<cv::DMatch*>(__gnu_cxx::__normal_iterator<cv::DMatch*, __gnu_cxx::__enable_if<std::__are_same<cv::DMatch*, cv::DMatch*>::__value, std::vector<cv::DMatch, std::allocator<cv::DMatch> > >::__type> const&)
                0x00019584                __gnu_cxx::__normal_iterator<cv::DMatch const*, std::vector<cv::DMatch, std::allocator<cv::DMatch> > >::__normal_iterator<cv::DMatch*>(__gnu_cxx::__normal_iterator<cv::DMatch*, __gnu_cxx::__enable_if<std::__are_same<cv::DMatch*, cv::DMatch*>::__value, std::vector<cv::DMatch, std::allocator<cv::DMatch> > >::__type> const&)
 .text._ZNSt6vectorIN2cv6DMatchESaIS1_EE5eraseEN9__gnu_cxx17__normal_iteratorIPKS1_S3_EE
                0x000195c0       0x7c siftcat.o
                0x000195c0                std::vector<cv::DMatch, std::allocator<cv::DMatch> >::erase(__gnu_cxx::__normal_iterator<cv::DMatch const*, std::vector<cv::DMatch, std::allocator<cv::DMatch> > >)
 .text._ZNSt6vectorIiSaIiEE5clearEv
                0x0001963c       0x2c siftcat.o
                0x0001963c                std::vector<int, std::allocator<int> >::clear()
 .text._ZN2cv3VecIdLi4EEC2Ev
                0x00019668       0x2c siftcat.o
                0x00019668                cv::Vec<double, 4>::Vec()
                0x00019668                cv::Vec<double, 4>::Vec()
 .text._ZNSt12_Vector_baseIN2cv8KeyPointESaIS1_EE19_M_get_Tp_allocatorEv
                0x00019694       0x24 siftcat.o
                0x00019694                std::_Vector_base<cv::KeyPoint, std::allocator<cv::KeyPoint> >::_M_get_Tp_allocator()
 .text._ZNKSt12_Vector_baseIN2cv8KeyPointESaIS1_EE19_M_get_Tp_allocatorEv
                0x000196b8       0x24 siftcat.o
                0x000196b8                std::_Vector_base<cv::KeyPoint, std::allocator<cv::KeyPoint> >::_M_get_Tp_allocator() const
 .text._ZNSt12_Vector_baseIN2cv8KeyPointESaIS1_EE13_M_deallocateEPS1_j
                0x000196dc       0x40 siftcat.o
                0x000196dc                std::_Vector_base<cv::KeyPoint, std::allocator<cv::KeyPoint> >::_M_deallocate(cv::KeyPoint*, unsigned int)
 .text._ZNKSt6vectorIN2cv8KeyPointESaIS1_EE5beginEv
                0x0001971c       0x40 siftcat.o
                0x0001971c                std::vector<cv::KeyPoint, std::allocator<cv::KeyPoint> >::begin() const
 .text._ZNKSt6vectorIN2cv8KeyPointESaIS1_EE3endEv
                0x0001975c       0x40 siftcat.o
                0x0001975c                std::vector<cv::KeyPoint, std::allocator<cv::KeyPoint> >::end() const
 .text._ZSt8_DestroyIPN2cv8KeyPointES1_EvT_S3_RSaIT0_E
                0x0001979c       0x2c siftcat.o
                0x0001979c                void std::_Destroy<cv::KeyPoint*, cv::KeyPoint>(cv::KeyPoint*, cv::KeyPoint*, std::allocator<cv::KeyPoint>&)
 .text._ZNSt12_Vector_baseIN2cv6DMatchESaIS1_EE19_M_get_Tp_allocatorEv
                0x000197c8       0x24 siftcat.o
                0x000197c8                std::_Vector_base<cv::DMatch, std::allocator<cv::DMatch> >::_M_get_Tp_allocator()
 .text._ZNKSt12_Vector_baseIN2cv6DMatchESaIS1_EE19_M_get_Tp_allocatorEv
                0x000197ec       0x24 siftcat.o
                0x000197ec                std::_Vector_base<cv::DMatch, std::allocator<cv::DMatch> >::_M_get_Tp_allocator() const
 .text._ZNSt12_Vector_baseIN2cv6DMatchESaIS1_EE13_M_deallocateEPS1_j
                0x00019810       0x40 siftcat.o
                0x00019810                std::_Vector_base<cv::DMatch, std::allocator<cv::DMatch> >::_M_deallocate(cv::DMatch*, unsigned int)
 .text._ZNKSt6vectorIN2cv6DMatchESaIS1_EE5beginEv
                0x00019850       0x40 siftcat.o
                0x00019850                std::vector<cv::DMatch, std::allocator<cv::DMatch> >::begin() const
 .text._ZNKSt6vectorIN2cv6DMatchESaIS1_EE3endEv
                0x00019890       0x40 siftcat.o
                0x00019890                std::vector<cv::DMatch, std::allocator<cv::DMatch> >::end() const
 .text._ZSt8_DestroyIPN2cv6DMatchES1_EvT_S3_RSaIT0_E
                0x000198d0       0x2c siftcat.o
                0x000198d0                void std::_Destroy<cv::DMatch*, cv::DMatch>(cv::DMatch*, cv::DMatch*, std::allocator<cv::DMatch>&)
 .text._ZNSt6vectorIN2cv6DMatchESaIS1_EE3endEv
                0x000198fc       0x38 siftcat.o
                0x000198fc                std::vector<cv::DMatch, std::allocator<cv::DMatch> >::end()
 .text._ZNSt12_Vector_baseIcSaIcEE12_Vector_implD2Ev
                0x00019934       0x28 siftcat.o
                0x00019934                std::_Vector_base<char, std::allocator<char> >::_Vector_impl::~_Vector_impl()
                0x00019934                std::_Vector_base<char, std::allocator<char> >::_Vector_impl::~_Vector_impl()
 .text._ZNSt12_Vector_baseIcSaIcEEC2Ev
                0x0001995c       0x2c siftcat.o
                0x0001995c                std::_Vector_base<char, std::allocator<char> >::_Vector_base()
                0x0001995c                std::_Vector_base<char, std::allocator<char> >::_Vector_base()
 .text._ZNSt12_Vector_baseIcSaIcEED2Ev
                0x00019988       0x5c siftcat.o
                0x00019988                std::_Vector_base<char, std::allocator<char> >::~_Vector_base()
                0x00019988                std::_Vector_base<char, std::allocator<char> >::~_Vector_base()
 .text._ZNSt12_Vector_baseIcSaIcEE19_M_get_Tp_allocatorEv
                0x000199e4       0x24 siftcat.o
                0x000199e4                std::_Vector_base<char, std::allocator<char> >::_M_get_Tp_allocator()
 .text._ZSt8_DestroyIPccEvT_S1_RSaIT0_E
                0x00019a08       0x2c siftcat.o
                0x00019a08                void std::_Destroy<char*, char>(char*, char*, std::allocator<char>&)
 .text._ZN2cv3PtrINS_9Feature2DEE7releaseEv
                0x00019a34       0x50 siftcat.o
                0x00019a34                cv::Ptr<cv::Feature2D>::release()
 .text._ZNSt12_Vector_baseIN2cv8KeyPointESaIS1_EE12_Vector_implD2Ev
                0x00019a84       0x28 siftcat.o
                0x00019a84                std::_Vector_base<cv::KeyPoint, std::allocator<cv::KeyPoint> >::_Vector_impl::~_Vector_impl()
                0x00019a84                std::_Vector_base<cv::KeyPoint, std::allocator<cv::KeyPoint> >::_Vector_impl::~_Vector_impl()
 .text._ZNSt12_Vector_baseIN2cv8KeyPointESaIS1_EEC2Ev
                0x00019aac       0x2c siftcat.o
                0x00019aac                std::_Vector_base<cv::KeyPoint, std::allocator<cv::KeyPoint> >::_Vector_base()
                0x00019aac                std::_Vector_base<cv::KeyPoint, std::allocator<cv::KeyPoint> >::_Vector_base()
 .text._ZNSt12_Vector_baseIN2cv8KeyPointESaIS1_EED2Ev
                0x00019ad8       0x68 siftcat.o
                0x00019ad8                std::_Vector_base<cv::KeyPoint, std::allocator<cv::KeyPoint> >::~_Vector_base()
                0x00019ad8                std::_Vector_base<cv::KeyPoint, std::allocator<cv::KeyPoint> >::~_Vector_base()
 .text._ZN2cv3PtrINS_11xfeatures2d4SIFTEE7releaseEv
                0x00019b40       0x50 siftcat.o
                0x00019b40                cv::Ptr<cv::xfeatures2d::SIFT>::release()
 .text._ZN2cv3PtrINS_9Feature2DEEC2INS_11xfeatures2d4SIFTEEERKNS0_IT_EE
                0x00019b90       0x64 siftcat.o
                0x00019b90                cv::Ptr<cv::Feature2D>::Ptr<cv::xfeatures2d::SIFT>(cv::Ptr<cv::xfeatures2d::SIFT> const&)
                0x00019b90                cv::Ptr<cv::Feature2D>::Ptr<cv::xfeatures2d::SIFT>(cv::Ptr<cv::xfeatures2d::SIFT> const&)
 .text._ZN2cv3PtrINS_9Feature2DEE4swapERS2_
                0x00019bf4       0x4c siftcat.o
                0x00019bf4                cv::Ptr<cv::Feature2D>::swap(cv::Ptr<cv::Feature2D>&)
 .text._ZNSt12_Vector_baseIN2cv6DMatchESaIS1_EE12_Vector_implD2Ev
                0x00019c40       0x28 siftcat.o
                0x00019c40                std::_Vector_base<cv::DMatch, std::allocator<cv::DMatch> >::_Vector_impl::~_Vector_impl()
                0x00019c40                std::_Vector_base<cv::DMatch, std::allocator<cv::DMatch> >::_Vector_impl::~_Vector_impl()
 .text._ZNSt12_Vector_baseIN2cv6DMatchESaIS1_EEC2Ev
                0x00019c68       0x2c siftcat.o
                0x00019c68                std::_Vector_base<cv::DMatch, std::allocator<cv::DMatch> >::_Vector_base()
                0x00019c68                std::_Vector_base<cv::DMatch, std::allocator<cv::DMatch> >::_Vector_base()
 .text._ZNSt12_Vector_baseIN2cv6DMatchESaIS1_EED2Ev
                0x00019c94       0x60 siftcat.o
                0x00019c94                std::_Vector_base<cv::DMatch, std::allocator<cv::DMatch> >::~_Vector_base()
                0x00019c94                std::_Vector_base<cv::DMatch, std::allocator<cv::DMatch> >::~_Vector_base()
 .text._ZNSt16allocator_traitsISaIN2cv6DMatchEEE9constructIS1_IRKS1_EEEDTcl12_S_constructfp_fp0_spcl7forwardIT0_Efp1_EEERS2_PT_DpOS7_
                0x00019cf4       0x3c siftcat.o
                0x00019cf4                decltype (_S_construct({parm#1}, {parm#2}, (forward<cv::DMatch const&>)({parm#3}))) std::allocator_traits<std::allocator<cv::DMatch> >::construct<cv::DMatch, cv::DMatch const&>(std::allocator<cv::DMatch>&, cv::DMatch*, cv::DMatch const&)
                0x00019cf4                _ZNSt16allocator_traitsISaIN2cv6DMatchEEE9constructIS1_IRKS1_EEEDTcl12_S_constructfp_fp0_spcl7forwardIT0_Efp1_EEERS2_PT_DpOS7_
 .text._ZNSt6vectorIN2cv6DMatchESaIS1_EE19_M_emplace_back_auxIIRKS1_EEEvDpOT_
                0x00019d30      0x1fc siftcat.o
                0x00019d30                void std::vector<cv::DMatch, std::allocator<cv::DMatch> >::_M_emplace_back_aux<cv::DMatch const&>(cv::DMatch const&)
                0x00019d30                void std::vector<cv::DMatch, std::allocator<cv::DMatch> >::_M_emplace_back_aux<cv::DMatch const&>(cv::DMatch const&)
 .text._ZNSt12_Vector_baseI7clusterSaIS0_EE12_Vector_implD2Ev
                0x00019f2c       0x28 siftcat.o
                0x00019f2c                std::_Vector_base<cluster, std::allocator<cluster> >::_Vector_impl::~_Vector_impl()
                0x00019f2c                std::_Vector_base<cluster, std::allocator<cluster> >::_Vector_impl::~_Vector_impl()
 .text._ZNSt12_Vector_baseI7clusterSaIS0_EEC2Ev
                0x00019f54       0x2c siftcat.o
                0x00019f54                std::_Vector_base<cluster, std::allocator<cluster> >::_Vector_base()
                0x00019f54                std::_Vector_base<cluster, std::allocator<cluster> >::_Vector_base()
 .text._ZNSt12_Vector_baseI7clusterSaIS0_EED2Ev
                0x00019f80       0x60 siftcat.o
                0x00019f80                std::_Vector_base<cluster, std::allocator<cluster> >::~_Vector_base()
                0x00019f80                std::_Vector_base<cluster, std::allocator<cluster> >::~_Vector_base()
 .text._ZNSt12_Vector_baseI7clusterSaIS0_EE19_M_get_Tp_allocatorEv
                0x00019fe0       0x24 siftcat.o
                0x00019fe0                std::_Vector_base<cluster, std::allocator<cluster> >::_M_get_Tp_allocator()
 .text._ZSt8_DestroyIP7clusterS0_EvT_S2_RSaIT0_E
                0x0001a004       0x2c siftcat.o
                0x0001a004                void std::_Destroy<cluster*, cluster>(cluster*, cluster*, std::allocator<cluster>&)
 .text._ZN9__gnu_cxx14__alloc_traitsISaIN2cv8KeyPointEEE17_S_select_on_copyERKS3_
                0x0001a030       0x30 siftcat.o
                0x0001a030                __gnu_cxx::__alloc_traits<std::allocator<cv::KeyPoint> >::_S_select_on_copy(std::allocator<cv::KeyPoint> const&)
 .text._ZNSaIN2cv8KeyPointEED2Ev
                0x0001a060       0x28 siftcat.o
                0x0001a060                std::allocator<cv::KeyPoint>::~allocator()
                0x0001a060                std::allocator<cv::KeyPoint>::~allocator()
 .text._ZNSt12_Vector_baseIN2cv8KeyPointESaIS1_EEC2EjRKS2_
                0x0001a088       0x58 siftcat.o
                0x0001a088                std::_Vector_base<cv::KeyPoint, std::allocator<cv::KeyPoint> >::_Vector_base(unsigned int, std::allocator<cv::KeyPoint> const&)
                0x0001a088                std::_Vector_base<cv::KeyPoint, std::allocator<cv::KeyPoint> >::_Vector_base(unsigned int, std::allocator<cv::KeyPoint> const&)
 .text._ZSt22__uninitialized_copy_aIN9__gnu_cxx17__normal_iteratorIPKN2cv8KeyPointESt6vectorIS3_SaIS3_EEEEPS3_S3_ET0_T_SC_SB_RSaIT1_E
                0x0001a0e0       0x3c siftcat.o
                0x0001a0e0                cv::KeyPoint* std::__uninitialized_copy_a<__gnu_cxx::__normal_iterator<cv::KeyPoint const*, std::vector<cv::KeyPoint, std::allocator<cv::KeyPoint> > >, cv::KeyPoint*, cv::KeyPoint>(__gnu_cxx::__normal_iterator<cv::KeyPoint const*, std::vector<cv::KeyPoint, std::allocator<cv::KeyPoint> > >, __gnu_cxx::__normal_iterator<cv::KeyPoint const*, std::vector<cv::KeyPoint, std::allocator<cv::KeyPoint> > >, cv::KeyPoint*, std::allocator<cv::KeyPoint>&)
 .text._ZNSt6vectorI7clusterSaIS0_EE14_M_move_assignEOS2_St17integral_constantIbLb1EE
                0x0001a11c       0xb4 siftcat.o
                0x0001a11c                std::vector<cluster, std::allocator<cluster> >::_M_move_assign(std::vector<cluster, std::allocator<cluster> >&&, std::integral_constant<bool, true>)
 .text._ZSt7forwardIiEOT_RNSt16remove_referenceIS0_E4typeE
                0x0001a1d0       0x24 siftcat.o
                0x0001a1d0                int&& std::forward<int>(std::remove_reference<int>::type&)
 .text._ZNSt6vectorIiSaIiEE12emplace_backIIiEEEvDpOT_
                0x0001a1f4       0x8c siftcat.o
                0x0001a1f4                void std::vector<int, std::allocator<int> >::emplace_back<int>(int&&)
                0x0001a1f4                void std::vector<int, std::allocator<int> >::emplace_back<int>(int&&)
 .text._ZNSt6vectorIiSaIiEE3endEv
                0x0001a280       0x38 siftcat.o
                0x0001a280                std::vector<int, std::allocator<int> >::end()
 .text._ZNSt6vectorIiSaIiEE6insertEN9__gnu_cxx17__normal_iteratorIPKiS1_EEjRS4_
                0x0001a2b8       0xac siftcat.o
                0x0001a2b8                std::vector<int, std::allocator<int> >::insert(__gnu_cxx::__normal_iterator<int const*, std::vector<int, std::allocator<int> > >, unsigned int, int const&)
 .text._ZNSt6vectorIiSaIiEE15_M_erase_at_endEPi
                0x0001a364       0x50 siftcat.o
                0x0001a364                std::vector<int, std::allocator<int> >::_M_erase_at_end(int*)
 .text._ZN9__gnu_cxx14__alloc_traitsISaIN2cv6DMatchEEE17_S_select_on_copyERKS3_
                0x0001a3b4       0x30 siftcat.o
                0x0001a3b4                __gnu_cxx::__alloc_traits<std::allocator<cv::DMatch> >::_S_select_on_copy(std::allocator<cv::DMatch> const&)
 .text._ZNSaIN2cv6DMatchEED2Ev
                0x0001a3e4       0x28 siftcat.o
                0x0001a3e4                std::allocator<cv::DMatch>::~allocator()
                0x0001a3e4                std::allocator<cv::DMatch>::~allocator()
 .text._ZNSt12_Vector_baseIN2cv6DMatchESaIS1_EEC2EjRKS2_
                0x0001a40c       0x58 siftcat.o
                0x0001a40c                std::_Vector_base<cv::DMatch, std::allocator<cv::DMatch> >::_Vector_base(unsigned int, std::allocator<cv::DMatch> const&)
                0x0001a40c                std::_Vector_base<cv::DMatch, std::allocator<cv::DMatch> >::_Vector_base(unsigned int, std::allocator<cv::DMatch> const&)
 .text._ZSt22__uninitialized_copy_aIN9__gnu_cxx17__normal_iteratorIPKN2cv6DMatchESt6vectorIS3_SaIS3_EEEEPS3_S3_ET0_T_SC_SB_RSaIT1_E
                0x0001a464       0x3c siftcat.o
                0x0001a464                cv::DMatch* std::__uninitialized_copy_a<__gnu_cxx::__normal_iterator<cv::DMatch const*, std::vector<cv::DMatch, std::allocator<cv::DMatch> > >, cv::DMatch*, cv::DMatch>(__gnu_cxx::__normal_iterator<cv::DMatch const*, std::vector<cv::DMatch, std::allocator<cv::DMatch> > >, __gnu_cxx::__normal_iterator<cv::DMatch const*, std::vector<cv::DMatch, std::allocator<cv::DMatch> > >, cv::DMatch*, std::allocator<cv::DMatch>&)
 .text._ZN9__gnu_cxx14__alloc_traitsISaIiEE17_S_select_on_copyERKS1_
                0x0001a4a0       0x30 siftcat.o
                0x0001a4a0                __gnu_cxx::__alloc_traits<std::allocator<int> >::_S_select_on_copy(std::allocator<int> const&)
 .text._ZNKSt12_Vector_baseIiSaIiEE19_M_get_Tp_allocatorEv
                0x0001a4d0       0x24 siftcat.o
                0x0001a4d0                std::_Vector_base<int, std::allocator<int> >::_M_get_Tp_allocator() const
 .text._ZNSt12_Vector_baseIiSaIiEEC2EjRKS0_
                0x0001a4f4       0x58 siftcat.o
                0x0001a4f4                std::_Vector_base<int, std::allocator<int> >::_Vector_base(unsigned int, std::allocator<int> const&)
                0x0001a4f4                std::_Vector_base<int, std::allocator<int> >::_Vector_base(unsigned int, std::allocator<int> const&)
 .text._ZNKSt6vectorIiSaIiEE5beginEv
                0x0001a54c       0x40 siftcat.o
                0x0001a54c                std::vector<int, std::allocator<int> >::begin() const
 .text._ZNKSt6vectorIiSaIiEE3endEv
                0x0001a58c       0x40 siftcat.o
                0x0001a58c                std::vector<int, std::allocator<int> >::end() const
 .text._ZSt22__uninitialized_copy_aIN9__gnu_cxx17__normal_iteratorIPKiSt6vectorIiSaIiEEEEPiiET0_T_SA_S9_RSaIT1_E
                0x0001a5cc       0x3c siftcat.o
                0x0001a5cc                int* std::__uninitialized_copy_a<__gnu_cxx::__normal_iterator<int const*, std::vector<int, std::allocator<int> > >, int*, int>(__gnu_cxx::__normal_iterator<int const*, std::vector<int, std::allocator<int> > >, __gnu_cxx::__normal_iterator<int const*, std::vector<int, std::allocator<int> > >, int*, std::allocator<int>&)
 .text._ZNSt16allocator_traitsISaIiEE9constructIiIRKiEEEDTcl12_S_constructfp_fp0_spcl7forwardIT0_Efp1_EEERS0_PT_DpOS5_
                0x0001a608       0x3c siftcat.o
                0x0001a608                decltype (_S_construct({parm#1}, {parm#2}, (forward<int const&>)({parm#3}))) std::allocator_traits<std::allocator<int> >::construct<int, int const&>(std::allocator<int>&, int*, int const&)
                0x0001a608                decltype (_S_construct({parm#1}, {parm#2}, (forward<int const&>)({parm#3}))) std::allocator_traits<std::allocator<int> >::construct<int, int const&>(std::allocator<int>&, int*, int const&)
 .text._ZNSt6vectorIiSaIiEE19_M_emplace_back_auxIIRKiEEEvDpOT_
                0x0001a644      0x1fc siftcat.o
                0x0001a644                void std::vector<int, std::allocator<int> >::_M_emplace_back_aux<int const&>(int const&)
                0x0001a644                void std::vector<int, std::allocator<int> >::_M_emplace_back_aux<int const&>(int const&)
 .text._ZNSt16allocator_traitsISaI7clusterEE9constructIS0_IRKS0_EEEDTcl12_S_constructfp_fp0_spcl7forwardIT0_Efp1_EEERS1_PT_DpOS6_
                0x0001a840       0x3c siftcat.o
                0x0001a840                _ZNSt16allocator_traitsISaI7clusterEE9constructIS0_IRKS0_EEEDTcl12_S_constructfp_fp0_spcl7forwardIT0_Efp1_EEERS1_PT_DpOS6_
                0x0001a840                decltype (_S_construct({parm#1}, {parm#2}, (forward<cluster const&>)({parm#3}))) std::allocator_traits<std::allocator<cluster> >::construct<cluster, cluster const&>(std::allocator<cluster>&, cluster*, cluster const&)
 .text._ZNSt6vectorI7clusterSaIS0_EE19_M_emplace_back_auxIIRKS0_EEEvDpOT_
                0x0001a87c      0x1fc siftcat.o
                0x0001a87c                void std::vector<cluster, std::allocator<cluster> >::_M_emplace_back_aux<cluster const&>(cluster const&)
                0x0001a87c                void std::vector<cluster, std::allocator<cluster> >::_M_emplace_back_aux<cluster const&>(cluster const&)
 .text._ZN9__gnu_cxx17__normal_iteratorIPiSt6vectorIiSaIiEEEC2ERKS1_
                0x0001aa78       0x38 siftcat.o
                0x0001aa78                __gnu_cxx::__normal_iterator<int*, std::vector<int, std::allocator<int> > >::__normal_iterator(int* const&)
                0x0001aa78                __gnu_cxx::__normal_iterator<int*, std::vector<int, std::allocator<int> > >::__normal_iterator(int* const&)
 .text._ZNK9__gnu_cxx17__normal_iteratorIPiSt6vectorIiSaIiEEE4baseEv
                0x0001aab0       0x24 siftcat.o
                0x0001aab0                __gnu_cxx::__normal_iterator<int*, std::vector<int, std::allocator<int> > >::base() const
 .text._ZNKSt6vectorIiSaIiEE6cbeginEv
                0x0001aad4       0x40 siftcat.o
                0x0001aad4                std::vector<int, std::allocator<int> >::cbegin() const
 .text._ZN9__gnu_cxxmiIPKiSt6vectorIiSaIiEEEENS_17__normal_iteratorIT_T0_E15difference_typeERKS9_SC_
                0x0001ab14       0x4c siftcat.o
                0x0001ab14                __gnu_cxx::__normal_iterator<int const*, std::vector<int, std::allocator<int> > >::difference_type __gnu_cxx::operator-<int const*, std::vector<int, std::allocator<int> > >(__gnu_cxx::__normal_iterator<int const*, std::vector<int, std::allocator<int> > > const&, __gnu_cxx::__normal_iterator<int const*, std::vector<int, std::allocator<int> > > const&)
 .text._ZNSt6vectorIiSaIiEE8_M_eraseEN9__gnu_cxx17__normal_iteratorIPiS1_EE
                0x0001ab60       0xc8 siftcat.o
                0x0001ab60                std::vector<int, std::allocator<int> >::_M_erase(__gnu_cxx::__normal_iterator<int*, std::vector<int, std::allocator<int> > >)
 .text._ZN9__gnu_cxx17__normal_iteratorIPN2cv6DMatchESt6vectorIS2_SaIS2_EEEC2ERKS3_
                0x0001ac28       0x38 siftcat.o
                0x0001ac28                __gnu_cxx::__normal_iterator<cv::DMatch*, std::vector<cv::DMatch, std::allocator<cv::DMatch> > >::__normal_iterator(cv::DMatch* const&)
                0x0001ac28                __gnu_cxx::__normal_iterator<cv::DMatch*, std::vector<cv::DMatch, std::allocator<cv::DMatch> > >::__normal_iterator(cv::DMatch* const&)
 .text._ZNK9__gnu_cxx17__normal_iteratorIPN2cv6DMatchESt6vectorIS2_SaIS2_EEE4baseEv
                0x0001ac60       0x24 siftcat.o
                0x0001ac60                __gnu_cxx::__normal_iterator<cv::DMatch*, std::vector<cv::DMatch, std::allocator<cv::DMatch> > >::base() const
 .text._ZNKSt6vectorIN2cv6DMatchESaIS1_EE6cbeginEv
                0x0001ac84       0x40 siftcat.o
                0x0001ac84                std::vector<cv::DMatch, std::allocator<cv::DMatch> >::cbegin() const
 .text._ZN9__gnu_cxxmiIPKN2cv6DMatchESt6vectorIS2_SaIS2_EEEENS_17__normal_iteratorIT_T0_E15difference_typeERKSB_SE_
                0x0001acc4       0x4c siftcat.o
                0x0001acc4                __gnu_cxx::__normal_iterator<cv::DMatch const*, std::vector<cv::DMatch, std::allocator<cv::DMatch> > >::difference_type __gnu_cxx::operator-<cv::DMatch const*, std::vector<cv::DMatch, std::allocator<cv::DMatch> > >(__gnu_cxx::__normal_iterator<cv::DMatch const*, std::vector<cv::DMatch, std::allocator<cv::DMatch> > > const&, __gnu_cxx::__normal_iterator<cv::DMatch const*, std::vector<cv::DMatch, std::allocator<cv::DMatch> > > const&)
 .text._ZNSt6vectorIN2cv6DMatchESaIS1_EE8_M_eraseEN9__gnu_cxx17__normal_iteratorIPS1_S3_EE
                0x0001ad10       0xc8 siftcat.o
                0x0001ad10                std::vector<cv::DMatch, std::allocator<cv::DMatch> >::_M_erase(__gnu_cxx::__normal_iterator<cv::DMatch*, std::vector<cv::DMatch, std::allocator<cv::DMatch> > >)
 .text._ZSt4moveIRSaI7clusterEEONSt16remove_referenceIT_E4typeEOS4_
                0x0001add8       0x24 siftcat.o
                0x0001add8                std::remove_reference<std::allocator<cluster>&>::type&& std::move<std::allocator<cluster>&>(std::allocator<cluster>&)
 .text._ZN2cv4MatxIdLi4ELi1EEC2Ev
                0x0001adfc       0x64 siftcat.o
                0x0001adfc                cv::Matx<double, 4, 1>::Matx()
                0x0001adfc                cv::Matx<double, 4, 1>::Matx()
 .text._ZNSt16allocator_traitsISaIN2cv8KeyPointEEE10deallocateERS2_PS1_j
                0x0001ae60       0x30 siftcat.o
                0x0001ae60                std::allocator_traits<std::allocator<cv::KeyPoint> >::deallocate(std::allocator<cv::KeyPoint>&, cv::KeyPoint*, unsigned int)
 .text._ZN9__gnu_cxx17__normal_iteratorIPKN2cv8KeyPointESt6vectorIS2_SaIS2_EEEC2ERKS4_
                0x0001ae90       0x38 siftcat.o
                0x0001ae90                __gnu_cxx::__normal_iterator<cv::KeyPoint const*, std::vector<cv::KeyPoint, std::allocator<cv::KeyPoint> > >::__normal_iterator(cv::KeyPoint const* const&)
                0x0001ae90                __gnu_cxx::__normal_iterator<cv::KeyPoint const*, std::vector<cv::KeyPoint, std::allocator<cv::KeyPoint> > >::__normal_iterator(cv::KeyPoint const* const&)
 .text._ZNSt12_Vector_baseIN2cv8KeyPointESaIS1_EE11_M_allocateEj
                0x0001aec8       0x48 siftcat.o
                0x0001aec8                std::_Vector_base<cv::KeyPoint, std::allocator<cv::KeyPoint> >::_M_allocate(unsigned int)
 .text._ZSt8_DestroyIPN2cv8KeyPointEEvT_S3_
                0x0001af10       0x28 siftcat.o
                0x0001af10                void std::_Destroy<cv::KeyPoint*>(cv::KeyPoint*, cv::KeyPoint*)
 .text._ZNSt16allocator_traitsISaIN2cv6DMatchEEE10deallocateERS2_PS1_j
                0x0001af38       0x30 siftcat.o
                0x0001af38                std::allocator_traits<std::allocator<cv::DMatch> >::deallocate(std::allocator<cv::DMatch>&, cv::DMatch*, unsigned int)
 .text._ZN9__gnu_cxx17__normal_iteratorIPKN2cv6DMatchESt6vectorIS2_SaIS2_EEEC2ERKS4_
                0x0001af68       0x38 siftcat.o
                0x0001af68                __gnu_cxx::__normal_iterator<cv::DMatch const*, std::vector<cv::DMatch, std::allocator<cv::DMatch> > >::__normal_iterator(cv::DMatch const* const&)
                0x0001af68                __gnu_cxx::__normal_iterator<cv::DMatch const*, std::vector<cv::DMatch, std::allocator<cv::DMatch> > >::__normal_iterator(cv::DMatch const* const&)
 .text._ZNSt12_Vector_baseIN2cv6DMatchESaIS1_EE11_M_allocateEj
                0x0001afa0       0x48 siftcat.o
                0x0001afa0                std::_Vector_base<cv::DMatch, std::allocator<cv::DMatch> >::_M_allocate(unsigned int)
 .text._ZSt8_DestroyIPN2cv6DMatchEEvT_S3_
                0x0001afe8       0x28 siftcat.o
                0x0001afe8                void std::_Destroy<cv::DMatch*>(cv::DMatch*, cv::DMatch*)
 .text._ZNSt12_Vector_baseIcSaIcEE12_Vector_implC2Ev
                0x0001b010       0x4c siftcat.o
                0x0001b010                std::_Vector_base<char, std::allocator<char> >::_Vector_impl::_Vector_impl()
                0x0001b010                std::_Vector_base<char, std::allocator<char> >::_Vector_impl::_Vector_impl()
 .text._ZNSt12_Vector_baseIcSaIcEE13_M_deallocateEPcj
                0x0001b05c       0x40 siftcat.o
                0x0001b05c                std::_Vector_base<char, std::allocator<char> >::_M_deallocate(char*, unsigned int)
 .text._ZSt8_DestroyIPcEvT_S1_
                0x0001b09c       0x28 siftcat.o
                0x0001b09c                void std::_Destroy<char*>(char*, char*)
 .text._ZNSt12_Vector_baseIN2cv8KeyPointESaIS1_EE12_Vector_implC2Ev
                0x0001b0c4       0x4c siftcat.o
                0x0001b0c4                std::_Vector_base<cv::KeyPoint, std::allocator<cv::KeyPoint> >::_Vector_impl::_Vector_impl()
                0x0001b0c4                std::_Vector_base<cv::KeyPoint, std::allocator<cv::KeyPoint> >::_Vector_impl::_Vector_impl()
 .text._ZSt4moveIRPN2cv6detail8PtrOwnerEEONSt16remove_referenceIT_E4typeEOS6_
                0x0001b110       0x24 siftcat.o
                0x0001b110                std::remove_reference<cv::detail::PtrOwner*&>::type&& std::move<cv::detail::PtrOwner*&>(cv::detail::PtrOwner*&)
 .text._ZSt4swapIPN2cv6detail8PtrOwnerEEvRT_S5_
                0x0001b134       0x64 siftcat.o
                0x0001b134                void std::swap<cv::detail::PtrOwner*>(cv::detail::PtrOwner*&, cv::detail::PtrOwner*&)
 .text._ZSt4moveIRPN2cv9Feature2DEEONSt16remove_referenceIT_E4typeEOS5_
                0x0001b198       0x24 siftcat.o
                0x0001b198                std::remove_reference<cv::Feature2D*&>::type&& std::move<cv::Feature2D*&>(cv::Feature2D*&)
 .text._ZSt4swapIPN2cv9Feature2DEEvRT_S4_
                0x0001b1bc       0x64 siftcat.o
                0x0001b1bc                void std::swap<cv::Feature2D*>(cv::Feature2D*&, cv::Feature2D*&)
 .text._ZNSt12_Vector_baseIN2cv6DMatchESaIS1_EE12_Vector_implC2Ev
                0x0001b220       0x4c siftcat.o
                0x0001b220                std::_Vector_base<cv::DMatch, std::allocator<cv::DMatch> >::_Vector_impl::_Vector_impl()
                0x0001b220                std::_Vector_base<cv::DMatch, std::allocator<cv::DMatch> >::_Vector_impl::_Vector_impl()
 .text._ZNSt16allocator_traitsISaIN2cv6DMatchEEE12_S_constructIS1_IRKS1_EEENSt9enable_ifIXsrSt6__and_IINS3_18__construct_helperIT_IDpT0_EE4typeEEE5valueEvE4typeERS2_PSA_DpOSB_
                0x0001b26c       0x3c siftcat.o
                0x0001b26c                std::enable_if<std::__and_<std::allocator_traits<std::allocator<cv::DMatch> >::__construct_helper<cv::DMatch, cv::DMatch const&>::type>::value, void>::type std::allocator_traits<std::allocator<cv::DMatch> >::_S_construct<cv::DMatch, cv::DMatch const&>(std::allocator<cv::DMatch>&, cv::DMatch*, cv::DMatch const&)
                0x0001b26c                _ZNSt16allocator_traitsISaIN2cv6DMatchEEE12_S_constructIS1_IRKS1_EEENSt9enable_ifIXsrSt6__and_IINS3_18__construct_helperIT_IDpT0_EE4typeEEE5valueEvE4typeERS2_PSA_DpOSB_
 .text._ZNKSt6vectorIN2cv6DMatchESaIS1_EE12_M_check_lenEjPKc
                0x0001b2a8       0xe8 siftcat.o
                0x0001b2a8                std::vector<cv::DMatch, std::allocator<cv::DMatch> >::_M_check_len(unsigned int, char const*) const
 .text._ZSt34__uninitialized_move_if_noexcept_aIPN2cv6DMatchES2_SaIS1_EET0_T_S5_S4_RT1_
                0x0001b390       0x58 siftcat.o
                0x0001b390                cv::DMatch* std::__uninitialized_move_if_noexcept_a<cv::DMatch*, cv::DMatch*, std::allocator<cv::DMatch> >(cv::DMatch*, cv::DMatch*, cv::DMatch*, std::allocator<cv::DMatch>&)
 .text._ZNSt16allocator_traitsISaIN2cv6DMatchEEE7destroyIS1_EEvRS2_PT_
                0x0001b3e8       0x28 siftcat.o
                0x0001b3e8                void std::allocator_traits<std::allocator<cv::DMatch> >::destroy<cv::DMatch>(std::allocator<cv::DMatch>&, cv::DMatch*)
 .text._ZNSt12_Vector_baseI7clusterSaIS0_EE12_Vector_implC2Ev
                0x0001b410       0x4c siftcat.o
                0x0001b410                std::_Vector_base<cluster, std::allocator<cluster> >::_Vector_impl::_Vector_impl()
                0x0001b410                std::_Vector_base<cluster, std::allocator<cluster> >::_Vector_impl::_Vector_impl()
 .text._ZNSaI7clusterED2Ev
                0x0001b45c       0x28 siftcat.o
                0x0001b45c                std::allocator<cluster>::~allocator()
                0x0001b45c                std::allocator<cluster>::~allocator()
 .text._ZNSt12_Vector_baseI7clusterSaIS0_EE13_M_deallocateEPS0_j
                0x0001b484       0x40 siftcat.o
                0x0001b484                std::_Vector_base<cluster, std::allocator<cluster> >::_M_deallocate(cluster*, unsigned int)
 .text._ZSt8_DestroyIP7clusterEvT_S2_
                0x0001b4c4       0x28 siftcat.o
                0x0001b4c4                void std::_Destroy<cluster*>(cluster*, cluster*)
 .text._ZNSt16allocator_traitsISaIN2cv8KeyPointEEE37select_on_container_copy_constructionERKS2_
                0x0001b4ec       0x34 siftcat.o
                0x0001b4ec                std::allocator_traits<std::allocator<cv::KeyPoint> >::select_on_container_copy_construction(std::allocator<cv::KeyPoint> const&)
 .text._ZNSaIN2cv8KeyPointEEC2ERKS1_
                0x0001b520       0x30 siftcat.o
                0x0001b520                std::allocator<cv::KeyPoint>::allocator(std::allocator<cv::KeyPoint> const&)
                0x0001b520                std::allocator<cv::KeyPoint>::allocator(std::allocator<cv::KeyPoint> const&)
 .text._ZN9__gnu_cxx13new_allocatorIN2cv8KeyPointEED2Ev
                0x0001b550       0x24 siftcat.o
                0x0001b550                __gnu_cxx::new_allocator<cv::KeyPoint>::~new_allocator()
                0x0001b550                __gnu_cxx::new_allocator<cv::KeyPoint>::~new_allocator()
 .text._ZNSt12_Vector_baseIN2cv8KeyPointESaIS1_EE12_Vector_implC2ERKS2_
                0x0001b574       0x54 siftcat.o
                0x0001b574                std::_Vector_base<cv::KeyPoint, std::allocator<cv::KeyPoint> >::_Vector_impl::_Vector_impl(std::allocator<cv::KeyPoint> const&)
                0x0001b574                std::_Vector_base<cv::KeyPoint, std::allocator<cv::KeyPoint> >::_Vector_impl::_Vector_impl(std::allocator<cv::KeyPoint> const&)
 .text._ZNSt12_Vector_baseIN2cv8KeyPointESaIS1_EE17_M_create_storageEj
                0x0001b5c8       0x6c siftcat.o
                0x0001b5c8                std::_Vector_base<cv::KeyPoint, std::allocator<cv::KeyPoint> >::_M_create_storage(unsigned int)
 .text._ZSt18uninitialized_copyIN9__gnu_cxx17__normal_iteratorIPKN2cv8KeyPointESt6vectorIS3_SaIS3_EEEEPS3_ET0_T_SC_SB_
                0x0001b634       0x40 siftcat.o
                0x0001b634                cv::KeyPoint* std::uninitialized_copy<__gnu_cxx::__normal_iterator<cv::KeyPoint const*, std::vector<cv::KeyPoint, std::allocator<cv::KeyPoint> > >, cv::KeyPoint*>(__gnu_cxx::__normal_iterator<cv::KeyPoint const*, std::vector<cv::KeyPoint, std::allocator<cv::KeyPoint> > >, __gnu_cxx::__normal_iterator<cv::KeyPoint const*, std::vector<cv::KeyPoint, std::allocator<cv::KeyPoint> > >, cv::KeyPoint*)
 .text._ZNKSt12_Vector_baseI7clusterSaIS0_EE13get_allocatorEv
                0x0001b674       0x38 siftcat.o
                0x0001b674                std::_Vector_base<cluster, std::allocator<cluster> >::get_allocator() const
 .text._ZNSt6vectorI7clusterSaIS0_EEC2ERKS1_
                0x0001b6ac       0x34 siftcat.o
                0x0001b6ac                std::vector<cluster, std::allocator<cluster> >::vector(std::allocator<cluster> const&)
                0x0001b6ac                std::vector<cluster, std::allocator<cluster> >::vector(std::allocator<cluster> const&)
 .text._ZNSt12_Vector_baseI7clusterSaIS0_EE12_Vector_impl12_M_swap_dataERS3_
                0x0001b6e0       0x68 siftcat.o
                0x0001b6e0                std::_Vector_base<cluster, std::allocator<cluster> >::_Vector_impl::_M_swap_data(std::_Vector_base<cluster, std::allocator<cluster> >::_Vector_impl&)
 .text._ZSt15__alloc_on_moveISaI7clusterEEvRT_S3_
                0x0001b748       0x2c siftcat.o
                0x0001b748                void std::__alloc_on_move<std::allocator<cluster> >(std::allocator<cluster>&, std::allocator<cluster>&)
 .text._ZNSt16allocator_traitsISaIiEE9constructIiIiEEEDTcl12_S_constructfp_fp0_spcl7forwardIT0_Efp1_EEERS0_PT_DpOS3_
                0x0001b774       0x3c siftcat.o
                0x0001b774                decltype (_S_construct({parm#1}, {parm#2}, (forward<int>)({parm#3}))) std::allocator_traits<std::allocator<int> >::construct<int, int>(std::allocator<int>&, int*, int&&)
                0x0001b774                decltype (_S_construct({parm#1}, {parm#2}, (forward<int>)({parm#3}))) std::allocator_traits<std::allocator<int> >::construct<int, int>(std::allocator<int>&, int*, int&&)
 .text._ZNSt6vectorIiSaIiEE19_M_emplace_back_auxIIiEEEvDpOT_
                0x0001b7b0      0x1fc siftcat.o
                0x0001b7b0                void std::vector<int, std::allocator<int> >::_M_emplace_back_aux<int>(int&&)
                0x0001b7b0                void std::vector<int, std::allocator<int> >::_M_emplace_back_aux<int>(int&&)
 .text._ZNSt6vectorIiSaIiEE14_M_fill_insertEN9__gnu_cxx17__normal_iteratorIPiS1_EEjRKi
                0x0001b9ac      0x4fc siftcat.o
                0x0001b9ac                std::vector<int, std::allocator<int> >::_M_fill_insert(__gnu_cxx::__normal_iterator<int*, std::vector<int, std::allocator<int> > >, unsigned int, int const&)
 .text._ZNSt16allocator_traitsISaIN2cv6DMatchEEE37select_on_container_copy_constructionERKS2_
                0x0001bea8       0x34 siftcat.o
                0x0001bea8                std::allocator_traits<std::allocator<cv::DMatch> >::select_on_container_copy_construction(std::allocator<cv::DMatch> const&)
 .text._ZNSaIN2cv6DMatchEEC2ERKS1_
                0x0001bedc       0x30 siftcat.o
                0x0001bedc                std::allocator<cv::DMatch>::allocator(std::allocator<cv::DMatch> const&)
                0x0001bedc                std::allocator<cv::DMatch>::allocator(std::allocator<cv::DMatch> const&)
 .text._ZN9__gnu_cxx13new_allocatorIN2cv6DMatchEED2Ev
                0x0001bf0c       0x24 siftcat.o
                0x0001bf0c                __gnu_cxx::new_allocator<cv::DMatch>::~new_allocator()
                0x0001bf0c                __gnu_cxx::new_allocator<cv::DMatch>::~new_allocator()
 .text._ZNSt12_Vector_baseIN2cv6DMatchESaIS1_EE12_Vector_implC2ERKS2_
                0x0001bf30       0x54 siftcat.o
                0x0001bf30                std::_Vector_base<cv::DMatch, std::allocator<cv::DMatch> >::_Vector_impl::_Vector_impl(std::allocator<cv::DMatch> const&)
                0x0001bf30                std::_Vector_base<cv::DMatch, std::allocator<cv::DMatch> >::_Vector_impl::_Vector_impl(std::allocator<cv::DMatch> const&)
 .text._ZNSt12_Vector_baseIN2cv6DMatchESaIS1_EE17_M_create_storageEj
                0x0001bf84       0x60 siftcat.o
                0x0001bf84                std::_Vector_base<cv::DMatch, std::allocator<cv::DMatch> >::_M_create_storage(unsigned int)
 .text._ZSt18uninitialized_copyIN9__gnu_cxx17__normal_iteratorIPKN2cv6DMatchESt6vectorIS3_SaIS3_EEEEPS3_ET0_T_SC_SB_
                0x0001bfe4       0x40 siftcat.o
                0x0001bfe4                cv::DMatch* std::uninitialized_copy<__gnu_cxx::__normal_iterator<cv::DMatch const*, std::vector<cv::DMatch, std::allocator<cv::DMatch> > >, cv::DMatch*>(__gnu_cxx::__normal_iterator<cv::DMatch const*, std::vector<cv::DMatch, std::allocator<cv::DMatch> > >, __gnu_cxx::__normal_iterator<cv::DMatch const*, std::vector<cv::DMatch, std::allocator<cv::DMatch> > >, cv::DMatch*)
 .text._ZNSt16allocator_traitsISaIiEE37select_on_container_copy_constructionERKS0_
                0x0001c024       0x34 siftcat.o
                0x0001c024                std::allocator_traits<std::allocator<int> >::select_on_container_copy_construction(std::allocator<int> const&)
 .text._ZNSaIiEC2ERKS_
                0x0001c058       0x30 siftcat.o
                0x0001c058                std::allocator<int>::allocator(std::allocator<int> const&)
                0x0001c058                std::allocator<int>::allocator(std::allocator<int> const&)
 .text._ZNSt12_Vector_baseIiSaIiEE12_Vector_implC2ERKS0_
                0x0001c088       0x54 siftcat.o
                0x0001c088                std::_Vector_base<int, std::allocator<int> >::_Vector_impl::_Vector_impl(std::allocator<int> const&)
                0x0001c088                std::_Vector_base<int, std::allocator<int> >::_Vector_impl::_Vector_impl(std::allocator<int> const&)
 .text._ZNSt12_Vector_baseIiSaIiEE17_M_create_storageEj
                0x0001c0dc       0x60 siftcat.o
                0x0001c0dc                std::_Vector_base<int, std::allocator<int> >::_M_create_storage(unsigned int)
 .text._ZN9__gnu_cxx17__normal_iteratorIPKiSt6vectorIiSaIiEEEC2ERKS2_
                0x0001c13c       0x38 siftcat.o
                0x0001c13c                __gnu_cxx::__normal_iterator<int const*, std::vector<int, std::allocator<int> > >::__normal_iterator(int const* const&)
                0x0001c13c                __gnu_cxx::__normal_iterator<int const*, std::vector<int, std::allocator<int> > >::__normal_iterator(int const* const&)
 .text._ZSt18uninitialized_copyIN9__gnu_cxx17__normal_iteratorIPKiSt6vectorIiSaIiEEEEPiET0_T_SA_S9_
                0x0001c174       0x40 siftcat.o
                0x0001c174                int* std::uninitialized_copy<__gnu_cxx::__normal_iterator<int const*, std::vector<int, std::allocator<int> > >, int*>(__gnu_cxx::__normal_iterator<int const*, std::vector<int, std::allocator<int> > >, __gnu_cxx::__normal_iterator<int const*, std::vector<int, std::allocator<int> > >, int*)
 .text._ZNSt16allocator_traitsISaIiEE12_S_constructIiIRKiEEENSt9enable_ifIXsrSt6__and_IINS1_18__construct_helperIT_IDpT0_EE4typeEEE5valueEvE4typeERS0_PS8_DpOS9_
                0x0001c1b4       0x3c siftcat.o
                0x0001c1b4                std::enable_if<std::__and_<std::allocator_traits<std::allocator<int> >::__construct_helper<int<int const&> >::type>::value, void>::type std::allocator_traits<std::allocator<int> >::_S_construct<int, int const&>(std::allocator<int>&, int*, int const&)
                0x0001c1b4                std::enable_if<std::__and_<std::allocator_traits<std::allocator<int> >::__construct_helper<int, int const&>::type>::value, void>::type std::allocator_traits<std::allocator<int> >::_S_construct<int, int const&>(std::allocator<int>&, int*, int const&)
 .text._ZNKSt6vectorIiSaIiEE12_M_check_lenEjPKc
                0x0001c1f0       0xe8 siftcat.o
                0x0001c1f0                std::vector<int, std::allocator<int> >::_M_check_len(unsigned int, char const*) const
 .text._ZNSt12_Vector_baseIiSaIiEE11_M_allocateEj
                0x0001c2d8       0x48 siftcat.o
                0x0001c2d8                std::_Vector_base<int, std::allocator<int> >::_M_allocate(unsigned int)
 .text._ZSt34__uninitialized_move_if_noexcept_aIPiS0_SaIiEET0_T_S3_S2_RT1_
                0x0001c320       0x58 siftcat.o
                0x0001c320                int* std::__uninitialized_move_if_noexcept_a<int*, int*, std::allocator<int> >(int*, int*, int*, std::allocator<int>&)
 .text._ZNSt16allocator_traitsISaIiEE7destroyIiEEvRS0_PT_
                0x0001c378       0x28 siftcat.o
                0x0001c378                void std::allocator_traits<std::allocator<int> >::destroy<int>(std::allocator<int>&, int*)
 .text._ZNSt16allocator_traitsISaI7clusterEE12_S_constructIS0_IRKS0_EEENSt9enable_ifIXsrSt6__and_IINS2_18__construct_helperIT_IDpT0_EE4typeEEE5valueEvE4typeERS1_PS9_DpOSA_
                0x0001c3a0       0x3c siftcat.o
                0x0001c3a0                std::enable_if<std::__and_<std::allocator_traits<std::allocator<cluster> >::__construct_helper<cluster, cluster const&>::type>::value, void>::type std::allocator_traits<std::allocator<cluster> >::_S_construct<cluster, cluster const&>(std::allocator<cluster>&, cluster*, cluster const&)
                0x0001c3a0                _ZNSt16allocator_traitsISaI7clusterEE12_S_constructIS0_IRKS0_EEENSt9enable_ifIXsrSt6__and_IINS2_18__construct_helperIT_IDpT0_EE4typeEEE5valueEvE4typeERS1_PS9_DpOSA_
 .text._ZNKSt6vectorI7clusterSaIS0_EE12_M_check_lenEjPKc
                0x0001c3dc       0xe8 siftcat.o
                0x0001c3dc                std::vector<cluster, std::allocator<cluster> >::_M_check_len(unsigned int, char const*) const
 .text._ZNSt12_Vector_baseI7clusterSaIS0_EE11_M_allocateEj
                0x0001c4c4       0x48 siftcat.o
                0x0001c4c4                std::_Vector_base<cluster, std::allocator<cluster> >::_M_allocate(unsigned int)
 .text._ZSt34__uninitialized_move_if_noexcept_aIP7clusterS1_SaIS0_EET0_T_S4_S3_RT1_
                0x0001c50c       0x58 siftcat.o
                0x0001c50c                cluster* std::__uninitialized_move_if_noexcept_a<cluster*, cluster*, std::allocator<cluster> >(cluster*, cluster*, cluster*, std::allocator<cluster>&)
 .text._ZNSt16allocator_traitsISaI7clusterEE7destroyIS0_EEvRS1_PT_
                0x0001c564       0x28 siftcat.o
                0x0001c564                void std::allocator_traits<std::allocator<cluster> >::destroy<cluster>(std::allocator<cluster>&, cluster*)
 .text._ZNK9__gnu_cxx17__normal_iteratorIPKiSt6vectorIiSaIiEEE4baseEv
                0x0001c58c       0x24 siftcat.o
                0x0001c58c                __gnu_cxx::__normal_iterator<int const*, std::vector<int, std::allocator<int> > >::base() const
 .text._ZN9__gnu_cxxneIPiSt6vectorIiSaIiEEEEbRKNS_17__normal_iteratorIT_T0_EESA_
                0x0001c5b0       0x50 siftcat.o
                0x0001c5b0                bool __gnu_cxx::operator!=<int*, std::vector<int, std::allocator<int> > >(__gnu_cxx::__normal_iterator<int*, std::vector<int, std::allocator<int> > > const&, __gnu_cxx::__normal_iterator<int*, std::vector<int, std::allocator<int> > > const&)
 .text._ZSt4moveIN9__gnu_cxx17__normal_iteratorIPiSt6vectorIiSaIiEEEES6_ET0_T_S8_S7_
                0x0001c600       0x50 siftcat.o
                0x0001c600                __gnu_cxx::__normal_iterator<int*, std::vector<int, std::allocator<int> > > std::move<__gnu_cxx::__normal_iterator<int*, std::vector<int, std::allocator<int> > >, __gnu_cxx::__normal_iterator<int*, std::vector<int, std::allocator<int> > > >(__gnu_cxx::__normal_iterator<int*, std::vector<int, std::allocator<int> > >, __gnu_cxx::__normal_iterator<int*, std::vector<int, std::allocator<int> > >, __gnu_cxx::__normal_iterator<int*, std::vector<int, std::allocator<int> > >)
 .text._ZNK9__gnu_cxx17__normal_iteratorIPKN2cv6DMatchESt6vectorIS2_SaIS2_EEE4baseEv
                0x0001c650       0x24 siftcat.o
                0x0001c650                __gnu_cxx::__normal_iterator<cv::DMatch const*, std::vector<cv::DMatch, std::allocator<cv::DMatch> > >::base() const
 .text._ZN9__gnu_cxxneIPN2cv6DMatchESt6vectorIS2_SaIS2_EEEEbRKNS_17__normal_iteratorIT_T0_EESC_
                0x0001c674       0x50 siftcat.o
                0x0001c674                bool __gnu_cxx::operator!=<cv::DMatch*, std::vector<cv::DMatch, std::allocator<cv::DMatch> > >(__gnu_cxx::__normal_iterator<cv::DMatch*, std::vector<cv::DMatch, std::allocator<cv::DMatch> > > const&, __gnu_cxx::__normal_iterator<cv::DMatch*, std::vector<cv::DMatch, std::allocator<cv::DMatch> > > const&)
 .text._ZSt4moveIN9__gnu_cxx17__normal_iteratorIPN2cv6DMatchESt6vectorIS3_SaIS3_EEEES8_ET0_T_SA_S9_
                0x0001c6c4       0x50 siftcat.o
                0x0001c6c4                __gnu_cxx::__normal_iterator<cv::DMatch*, std::vector<cv::DMatch, std::allocator<cv::DMatch> > > std::move<__gnu_cxx::__normal_iterator<cv::DMatch*, std::vector<cv::DMatch, std::allocator<cv::DMatch> > >, __gnu_cxx::__normal_iterator<cv::DMatch*, std::vector<cv::DMatch, std::allocator<cv::DMatch> > > >(__gnu_cxx::__normal_iterator<cv::DMatch*, std::vector<cv::DMatch, std::allocator<cv::DMatch> > >, __gnu_cxx::__normal_iterator<cv::DMatch*, std::vector<cv::DMatch, std::allocator<cv::DMatch> > >, __gnu_cxx::__normal_iterator<cv::DMatch*, std::vector<cv::DMatch, std::allocator<cv::DMatch> > >)
 .text._ZN9__gnu_cxx13new_allocatorIN2cv8KeyPointEE10deallocateEPS2_j
                0x0001c714       0x28 siftcat.o
                0x0001c714                __gnu_cxx::new_allocator<cv::KeyPoint>::deallocate(cv::KeyPoint*, unsigned int)
 .text._ZNSt16allocator_traitsISaIN2cv8KeyPointEEE8allocateERS2_j
                0x0001c73c       0x34 siftcat.o
                0x0001c73c                std::allocator_traits<std::allocator<cv::KeyPoint> >::allocate(std::allocator<cv::KeyPoint>&, unsigned int)
 .text._ZNSt12_Destroy_auxILb1EE9__destroyIPN2cv8KeyPointEEEvT_S5_
                0x0001c770       0x20 siftcat.o
                0x0001c770                void std::_Destroy_aux<true>::__destroy<cv::KeyPoint*>(cv::KeyPoint*, cv::KeyPoint*)
 .text._ZN9__gnu_cxx13new_allocatorIN2cv6DMatchEE10deallocateEPS2_j
                0x0001c790       0x28 siftcat.o
                0x0001c790                __gnu_cxx::new_allocator<cv::DMatch>::deallocate(cv::DMatch*, unsigned int)
 .text._ZNSt16allocator_traitsISaIN2cv6DMatchEEE8allocateERS2_j
                0x0001c7b8       0x34 siftcat.o
                0x0001c7b8                std::allocator_traits<std::allocator<cv::DMatch> >::allocate(std::allocator<cv::DMatch>&, unsigned int)
 .text._ZNSt12_Destroy_auxILb1EE9__destroyIPN2cv6DMatchEEEvT_S5_
                0x0001c7ec       0x20 siftcat.o
                0x0001c7ec                void std::_Destroy_aux<true>::__destroy<cv::DMatch*>(cv::DMatch*, cv::DMatch*)
 .text._ZSt12__niter_baseIN9__gnu_cxx17__normal_iteratorIPN2cv6DMatchESt6vectorIS3_SaIS3_EEEEENSt11_Niter_baseIT_E13iterator_typeESA_
                0x0001c80c       0x28 siftcat.o
                0x0001c80c                std::_Niter_base<__gnu_cxx::__normal_iterator<cv::DMatch*, std::vector<cv::DMatch, std::allocator<cv::DMatch> > > >::iterator_type std::__niter_base<__gnu_cxx::__normal_iterator<cv::DMatch*, std::vector<cv::DMatch, std::allocator<cv::DMatch> > > >(__gnu_cxx::__normal_iterator<cv::DMatch*, std::vector<cv::DMatch, std::allocator<cv::DMatch> > >)
 .text._ZNSt16allocator_traitsISaIcEE10deallocateERS0_Pcj
                0x0001c834       0x30 siftcat.o
                0x0001c834                std::allocator_traits<std::allocator<char> >::deallocate(std::allocator<char>&, char*, unsigned int)
 .text._ZNSt12_Destroy_auxILb1EE9__destroyIPcEEvT_S3_
                0x0001c864       0x20 siftcat.o
                0x0001c864                void std::_Destroy_aux<true>::__destroy<char*>(char*, char*)
 .text._ZNSaIN2cv8KeyPointEEC2Ev
                0x0001c884       0x28 siftcat.o
                0x0001c884                std::allocator<cv::KeyPoint>::allocator()
                0x0001c884                std::allocator<cv::KeyPoint>::allocator()
 .text._ZNSaIN2cv6DMatchEEC2Ev
                0x0001c8ac       0x28 siftcat.o
                0x0001c8ac                std::allocator<cv::DMatch>::allocator()
                0x0001c8ac                std::allocator<cv::DMatch>::allocator()
 .text._ZN9__gnu_cxx13new_allocatorIN2cv6DMatchEE9constructIS2_IRKS2_EEEvPT_DpOT0_
                0x0001c8d4       0x58 siftcat.o